
 Start         Length     Name                   Class
 0001:00000000 0005B558H .text                   CODE
 0002:00000000 000022D8H .data                   DATA
 0002:000022D8 00006D11H .bss                    BSS


Detailed map of segments

 0001:00000000 00005AD3 C=CODE     S=.text    G=(none)   M=System   ACBP=A9
 0001:00005AD4 00000140 C=CODE     S=.text    G=(none)   M=SysInit  ACBP=A9
 0001:00005C14 00000038 C=CODE     S=.text    G=(none)   M=Types    ACBP=A9
 0001:00005C4C 000003E0 C=CODE     S=.text    G=(none)   M=Windows  ACBP=A9
 0001:0000602C 00000038 C=CODE     S=.text    G=(none)   M=FastMM4Messages ACBP=A9
 0001:00006064 00002597 C=CODE     S=.text    G=(none)   M=FastMM4  ACBP=A9
 0001:000085FC 00000350 C=CODE     S=.text    G=(none)   M=SysConst ACBP=A9
 0001:0000894C 0000702C C=CODE     S=.text    G=(none)   M=SysUtils ACBP=A9
 0001:0000F978 00000038 C=CODE     S=.text    G=(none)   M=Messages ACBP=A9
 0001:0000F9B0 00000803 C=CODE     S=.text    G=(none)   M=VarUtils ACBP=A9
 0001:000101B4 00008246 C=CODE     S=.text    G=(none)   M=Variants ACBP=A9
 0001:000183FC 000000B0 C=CODE     S=.text    G=(none)   M=RTLConsts ACBP=A9
 0001:000184AC 00000158 C=CODE     S=.text    G=(none)   M=TypInfo  ACBP=A9
 0001:00018604 00000038 C=CODE     S=.text    G=(none)   M=ActiveX  ACBP=A9
 0001:0001863C 00003DF2 C=CODE     S=.text    G=(none)   M=Classes  ACBP=A9
 0001:0001C430 00000038 C=CODE     S=.text    G=(none)   M=Math     ACBP=A9
 0001:0001C468 00000154 C=CODE     S=.text    G=(none)   M=Contnrs  ACBP=A9
 0001:0001C5BC 00000068 C=CODE     S=.text    G=(none)   M=IniFiles ACBP=A9
 0001:0001C624 000005B8 C=CODE     S=.text    G=(none)   M=Registry ACBP=A9
 0001:0001CBDC 00000038 C=CODE     S=.text    G=(none)   M=SyncObjs ACBP=A9
 0001:0001CC14 00000590 C=CODE     S=.text    G=(none)   M=SynLZ    ACBP=A9
 0001:0001D1A4 0001E5BC C=CODE     S=.text    G=(none)   M=SynCommons ACBP=A9
 0001:0003B760 00005AC0 C=CODE     S=.text    G=(none)   M=SynLog   ACBP=A9
 0001:00041220 00004F24 C=CODE     S=.text    G=(none)   M=SynSQLite3 ACBP=A9
 0001:00046144 00000078 C=CODE     S=.text    G=(none)   M=SynTable ACBP=A9
 0001:000461BC 0000EE1C C=CODE     S=.text    G=(none)   M=SynDB    ACBP=A9
 0001:00054FD8 00001468 C=CODE     S=.text    G=(none)   M=SynDBSQLite3 ACBP=A9
 0001:00056440 00000038 C=CODE     S=.text    G=(none)   M=JwaWinDLLNames ACBP=A9
 0001:00056478 00000038 C=CODE     S=.text    G=(none)   M=JwaWinNT ACBP=A9
 0001:000564B0 00000038 C=CODE     S=.text    G=(none)   M=JwaWinType ACBP=A9
 0001:000564E8 00000038 C=CODE     S=.text    G=(none)   M=JwaNtStatus ACBP=A9
 0001:00056520 00000038 C=CODE     S=.text    G=(none)   M=JwaWinBase ACBP=A9
 0001:00056558 00000040 C=CODE     S=.text    G=(none)   M=JwaWinCrypt ACBP=A9
 0001:00056598 00000058 C=CODE     S=.text    G=(none)   M=JwaBCrypt ACBP=A9
 0001:000565F0 0000086C C=CODE     S=.text    G=(none)   M=utils    ACBP=A9
 0001:00056E5C 000007A4 C=CODE     S=.text    G=(none)   M=ucryptoapi ACBP=A9
 0001:00057600 00000038 C=CODE     S=.text    G=(none)   M=StrUtils ACBP=A9
 0001:00057638 000028D8 C=CODE     S=.text    G=(none)   M=uLkJSON  ACBP=A9
 0001:00059F10 000003EC C=CODE     S=.text    G=(none)   M=base64_delphi ACBP=A9
 0001:0005A2FC 000010BB C=CODE     S=.text    G=(none)   M=uchrome  ACBP=A9
 0001:0005B3B8 0000019E C=CODE     S=.text    G=(none)   M=chrome   ACBP=A9
 0002:00000000 000000CC C=DATA     S=.data    G=DGROUP   M=System   ACBP=A9
 0002:000000CC 00000020 C=DATA     S=.data    G=DGROUP   M=SysInit  ACBP=A9
 0002:000000EC 00000711 C=DATA     S=.data    G=DGROUP   M=FastMM4  ACBP=A9
 0002:00000800 00000254 C=DATA     S=.data    G=DGROUP   M=SysUtils ACBP=A9
 0002:00000A54 00000110 C=DATA     S=.data    G=DGROUP   M=VarUtils ACBP=A9
 0002:00000B64 000001BA C=DATA     S=.data    G=DGROUP   M=Variants ACBP=A9
 0002:00000D20 0000000C C=DATA     S=.data    G=DGROUP   M=TypInfo  ACBP=A9
 0002:00000D2C 00000004 C=DATA     S=.data    G=DGROUP   M=Classes  ACBP=A9
 0002:00000D30 00000008 C=DATA     S=.data    G=DGROUP   M=IniFiles ACBP=A9
 0002:00000D38 00000008 C=DATA     S=.data    G=DGROUP   M=Registry ACBP=A9
 0002:00000D40 0000086C C=DATA     S=.data    G=DGROUP   M=SynCommons ACBP=A9
 0002:000015AC 000003D4 C=DATA     S=.data    G=DGROUP   M=SynLog   ACBP=A9
 0002:00001980 00000188 C=DATA     S=.data    G=DGROUP   M=SynSQLite3 ACBP=A9
 0002:00001B08 00000008 C=DATA     S=.data    G=DGROUP   M=SynTable ACBP=A9
 0002:00001B10 000003E0 C=DATA     S=.data    G=DGROUP   M=SynDB    ACBP=A9
 0002:00001EF0 00000040 C=DATA     S=.data    G=DGROUP   M=SynDBSQLite3 ACBP=A9
 0002:00001F30 00000001 C=DATA     S=.data    G=DGROUP   M=utils    ACBP=A9
 0002:00001F34 00000014 C=DATA     S=.data    G=DGROUP   M=ucryptoapi ACBP=A9
 0002:00001F48 00000100 C=DATA     S=.data    G=DGROUP   M=uLkJSON  ACBP=A9
 0002:00002048 00000003 C=DATA     S=.data    G=DGROUP   M=uchrome  ACBP=A9
 0002:00003000 0000065C C=BSS      S=.bss     G=DGROUP   M=System   ACBP=A9
 0002:0000365C 00000010 C=BSS      S=.bss     G=DGROUP   M=SysInit  ACBP=A9
 0002:0000366C 00000004 C=BSS      S=.bss     G=DGROUP   M=Types    ACBP=A9
 0002:00003670 00000004 C=BSS      S=.bss     G=DGROUP   M=Windows  ACBP=A9
 0002:00003674 00000004 C=BSS      S=.bss     G=DGROUP   M=FastMM4Messages ACBP=A9
 0002:00003678 00002223 C=BSS      S=.bss     G=DGROUP   M=FastMM4  ACBP=A9
 0002:0000589C 00000004 C=BSS      S=.bss     G=DGROUP   M=SysConst ACBP=A9
 0002:000058A0 00000120 C=BSS      S=.bss     G=DGROUP   M=SysUtils ACBP=A9
 0002:000059C0 00000004 C=BSS      S=.bss     G=DGROUP   M=Messages ACBP=A9
 0002:000059C4 0000005C C=BSS      S=.bss     G=DGROUP   M=VarUtils ACBP=A9
 0002:00005A20 00000040 C=BSS      S=.bss     G=DGROUP   M=Variants ACBP=A9
 0002:00005A60 00000004 C=BSS      S=.bss     G=DGROUP   M=RTLConsts ACBP=A9
 0002:00005A64 00000004 C=BSS      S=.bss     G=DGROUP   M=TypInfo  ACBP=A9
 0002:00005A68 00000004 C=BSS      S=.bss     G=DGROUP   M=ActiveX  ACBP=A9
 0002:00005A6C 00000034 C=BSS      S=.bss     G=DGROUP   M=Classes  ACBP=A9
 0002:00005AA0 00000004 C=BSS      S=.bss     G=DGROUP   M=Math     ACBP=A9
 0002:00005AA4 00000004 C=BSS      S=.bss     G=DGROUP   M=Contnrs  ACBP=A9
 0002:00005AA8 00000004 C=BSS      S=.bss     G=DGROUP   M=IniFiles ACBP=A9
 0002:00005AAC 00000004 C=BSS      S=.bss     G=DGROUP   M=Registry ACBP=A9
 0002:00005AB0 00000004 C=BSS      S=.bss     G=DGROUP   M=SyncObjs ACBP=A9
 0002:00005AB4 00000004 C=BSS      S=.bss     G=DGROUP   M=SynLZ    ACBP=A9
 0002:00005AB8 00003D98 C=BSS      S=.bss     G=DGROUP   M=SynCommons ACBP=A9
 0002:00009850 00000434 C=BSS      S=.bss     G=DGROUP   M=SynLog   ACBP=A9
 0002:00009C84 00000008 C=BSS      S=.bss     G=DGROUP   M=SynSQLite3 ACBP=A9
 0002:00009C8C 00000004 C=BSS      S=.bss     G=DGROUP   M=SynTable ACBP=A9
 0002:00009C90 00000038 C=BSS      S=.bss     G=DGROUP   M=SynDB    ACBP=A9
 0002:00009CC8 00000004 C=BSS      S=.bss     G=DGROUP   M=SynDBSQLite3 ACBP=A9
 0002:00009CCC 00000004 C=BSS      S=.bss     G=DGROUP   M=JwaWinDLLNames ACBP=A9
 0002:00009CD0 00000004 C=BSS      S=.bss     G=DGROUP   M=JwaWinNT ACBP=A9
 0002:00009CD4 00000004 C=BSS      S=.bss     G=DGROUP   M=JwaWinType ACBP=A9
 0002:00009CD8 00000004 C=BSS      S=.bss     G=DGROUP   M=JwaNtStatus ACBP=A9
 0002:00009CDC 00000004 C=BSS      S=.bss     G=DGROUP   M=JwaWinBase ACBP=A9
 0002:00009CE0 00000004 C=BSS      S=.bss     G=DGROUP   M=JwaWinCrypt ACBP=A9
 0002:00009CE4 00000004 C=BSS      S=.bss     G=DGROUP   M=JwaBCrypt ACBP=A9
 0002:00009CE8 00000010 C=BSS      S=.bss     G=DGROUP   M=utils    ACBP=A9
 0002:00009CF8 00000004 C=BSS      S=.bss     G=DGROUP   M=ucryptoapi ACBP=A9
 0002:00009CFC 00000004 C=BSS      S=.bss     G=DGROUP   M=StrUtils ACBP=A9
 0002:00009D00 00000004 C=BSS      S=.bss     G=DGROUP   M=uLkJSON  ACBP=A9
 0002:00009D04 00000004 C=BSS      S=.bss     G=DGROUP   M=base64_delphi ACBP=A9
 0002:00009D08 00000008 C=BSS      S=.bss     G=DGROUP   M=uchrome  ACBP=A9


  Address         Publics by Name

 0002:0000366C       .1
 0002:00009CE4       .1
 0002:00003664       .1
 0002:000059C0       .1
 0002:00005AB4       .1
 0002:00009D04       .1
 0002:0000367C       .1
 0002:00009CCC       .1
 0002:00003674       .1
 0002:00005A60       .1
 0002:00009D0C       .1
 0002:00009CFC       .1
 0002:0000589C       .1
 0002:00009CF4       .1
 0002:00009CD8       .1
 0002:00009CDC       .2
 0002:00005AA0       .2
 0002:00005AA4       .21
 0002:00005A68       .3
 0002:00003670       .3
 0002:00009D00       .31
 0002:00009C88       .31
 0002:00009C90       .33
 0002:000059B0       .35
 0002:00009CD4       .4
 0002:00009CC8       .4
 0002:00005A74       .45
 0002:00005AAC       .5
 0002:000035B4       .5
 0002:00009CD0       .5
 0002:00005A1C       .5
 0002:00009C8C       .52
 0002:00008FB8       .531
 0002:00005AB0       .6
 0002:00005A64       .6
 0002:00009CE0       .7
 0002:0000986C       .71
 0002:00005AA8       .8
 0002:00009CF8       .8
 0002:00005A40       .81
 0001:00001F00       @AbstractError
 0001:00002FD4       @AfterConstruction
 0001:00002EC0       @AsClass
 0001:000039A0       @Assert
 0001:000022E8       @AStrCmp
 0001:00002FE4       @BeforeDestruction
 0001:00002C50       @BoundErr
 0001:00002F0C       @CallDynaInst
 0001:00002F7C       @ClassCreate
 0001:00002FCC       @ClassDestroy
 0001:00002238       @Close
 0001:00001C24       @Copy
 0001:00004758       @CopyArray
 0001:0000463C       @CopyRecord
 0001:0000484C       @DispCallByIDError
 0001:00010F08       @DispInvokeError
 0001:00003460       @DoneExcept
 0001:00004E0C       @DynArrayAddRef
 0001:00004DE4       @DynArrayAsg
 0001:00004DA8       @DynArrayClear
 0001:00004BE8       @DynArrayHigh
 0001:00004BE0       @DynArrayLength
 0001:00004D9C       @DynArraySetLength
 0001:000025EC       @EmitDigits
 0001:00003548       @ExceptionHandler
 0001:00002358       @FillChar
 0001:00004618       @Finalize
 0001:0000452C       @FinalizeArray
 0001:000044E0       @FinalizeRecord
 0001:0000222C       @Flush
 0001:00002C44       @FpuInit
 0001:00002B80       @FpuMaskInit
 0001:00001EAC       @FRAC
 0001:00001A64       @FreeMem
 0001:00001A44       @GetMem
 0001:00005B4C       @GetTls
 0001:00003988       @Halt
 0001:000038B0       @Halt0
 0001:000030F8       @HandleAnyException
 0001:000033AC       @HandleFinally
 0001:00003224       @HandleOnException
 0001:00005B98       @InitExe
 0001:0000444C       @InitializeArray
 0001:0000441C       @InitializeRecord
 0001:00003758       @InitImports
 0001:00003730       @InitResStringImports
 0001:0000377C       @InitWideStrings
 0001:00001E8C       @INT
 0001:00005458       @IntfClear
 0001:00005470       @IntfCopy
 0001:00002E9C       @IsClass
 0001:00002B50       @isNECWindows
 0001:00003E4C       @LStrAddRef
 0001:000039E4       @LStrArrayClr
 0001:00003A14       @LStrAsg
 0001:00003C64       @LStrCat
 0001:00003CA8       @LStrCat3
 0001:00003D1C       @LStrCatN
 0001:000039C0       @LStrClr
 0001:00003DA8       @LStrCmp
 0001:00003EBC       @LStrCopy
 0001:00003EFC       @LStrDelete
 0001:00003C30       @LStrFromArray
 0001:00003BA8       @LStrFromChar
 0001:00003BB8       @LStrFromPChar
 0001:00003AB0       @LStrFromPCharLen
 0001:00003BE8       @LStrFromPWChar
 0001:00003B1C       @LStrFromPWCharLen
 0001:00003C24       @LStrFromString
 0001:00003C48       @LStrFromWStr
 0001:00003F44       @LStrInsert
 0001:00003A58       @LStrLAsg
 0001:00003C5C       @LStrLen
 0001:00003FA0       @LStrPos
 0001:00003FE8       @LStrSetLength
 0001:00003E5C       @LStrToPChar
 0001:00003A84       @NewAnsiString
 0001:000040E8       @NewWideString
 0001:00001E14       @Pos
 0001:00002864       @Pow10
 0001:000022C0       @PStrCpy
 0001:00002290       @PStrNCat
 0001:000022CC       @PStrNCpy
 0001:0000340C       @RaiseAgain
 0001:000033E4       @RaiseExcept
 0001:00001A84       @ReallocMem
 0001:00001F74       @RewritText
 0001:00001ED0       @ROUND
 0001:00003994       @RunError
 0001:0000265C       @ScaleExt
 0001:000025D8       @SetEq
 0001:00001E54       @SetString
 0001:000036F0       @StartExe
 0001:000026A0       @Str2Ext
 0001:00000388       @strlen
 0001:00001EDC       @TRUNC
 0001:00003490       @TryFinallyExit
 0001:00003EB4       @UniqueStringA
 0001:000049B0       @ValInt64
 0001:00002378       @ValLong
 0001:000182AC       @VarAdd
 0001:000170BC       @VarAddRef
 0001:00011A38       @VarCast
 0001:000111F4       @VarClear
 0001:00011208       @VarClr
 0001:00004514       @VarClr
 0001:000182B8       @VarCmpEQ
 0001:000182C8       @VarCmpLT
 0001:00004624       @VarCopy
 0001:0001151C       @VarCopy
 0001:0001179C       @VarCopyNoInd
 0001:000157A4       @VarFromBool
 0001:00015630       @VarFromByte
 0001:000157E0       @VarFromCurr
 0001:0001574C       @VarFromCurrency
 0001:00015778       @VarFromDate
 0001:000158D4       @VarFromDisp
 0001:00015720       @VarFromDouble
 0001:000155D4       @VarFromInt
 0001:000156D0       @VarFromInt64
 0001:00015610       @VarFromInteger
 0001:000158A8       @VarFromIntf
 0001:00015670       @VarFromLongWord
 0001:000157F4       @VarFromLStr
 0001:00015820       @VarFromPStr
 0001:000157CC       @VarFromReal
 0001:00015690       @VarFromShortInt
 0001:000156FC       @VarFromSingle
 0001:000156B0       @VarFromSmallInt
 0001:00015650       @VarFromWord
 0001:00015870       @VarFromWStr
 0001:00010F5C       @VarNull
 0001:00016710       @VarOp
 0001:00013204       @VarToBool
 0001:00012EBC       @VarToBoolean
 0001:000122FC       @VarToByte
 0001:000140A8       @VarToCurrency
 0001:00013B40       @VarToDate
 0001:00015528       @VarToDisp
 0001:000133D0       @VarToDouble
 0001:000128C0       @VarToInt64
 0001:00011DFC       @VarToInteger
 0001:0001545C       @VarToIntf
 0001:00012574       @VarToLongWord
 0001:0001475C       @VarToLStr
 0001:0001374C       @VarToReal
 0001:0001224C       @VarToShortInt
 0001:00013768       @VarToSingle
 0001:000123A4       @VarToSmallInt
 0001:0001249C       @VarToWord
 0001:00014E84       @VarToWStr
 0001:0000404C       @Write0LString
 0001:000040D8       @Write0Variant
 0001:00002490       @WriteBytes
 0001:00002560       @WriteLn
 0001:00004054       @WriteLString
 0001:000024E4       @WriteSpaces
 0001:00004074       @WriteVariant
 0001:000043FC       @WStrAddRef
 0001:00004128       @WStrArrayClr
 0001:0000414C       @WStrAsg
 0001:00004288       @WStrCat
 0001:00004110       @WStrClr
 0001:000042E8       @WStrCmp
 0001:0000436C       @WStrCopy
 0001:0000425C       @WStrFromLStr
 0001:00004170       @WStrFromPCharLen
 0001:00004220       @WStrFromPWChar
 0001:000041FC       @WStrFromPWCharLen
 0001:0000427C       @WStrLen
 0001:000043B8       @WStrSetLength
 0001:0000426C       @WStrToPWChar
 0001:000025B4       @_CLenToPasStr
 0001:000025A8       @_CToPasStr
 0001:00001BF4       @_IOTest
 0001:00004878       @_lldiv
 0001:000048F4       @_llmod
 0001:00004854       @_llmul
 0001:00004970       @_llshl
 0001:00004990       @_llushr
 0001:0000DB2C       AbstractErrorHandler
 0002:00003028       AbstractErrorProc
 0002:00000880       AccessMode
 0001:00001B5C       AcquireExceptionObject
 0001:00018634       ActiveX
 0001:000004B4       AddBlockAfter
 0001:00036FDC       AddFromStart
 0001:000253DC       AddInteger
 0001:000052FC       AddModuleUnloadProc
 0001:000052EC       AddModuleUnloadProc
 0001:00033670       AddPS
 0001:0003361C       AddPS
 0001:000250A0       AddRawUTF8
 0001:00027E38       AddSortedRawUTF8
 0001:00040E9C       AddStackManual
 0001:00058B58       add_child
 0002:00008FB4       AlgoSynLZ
 0002:00000F30       ALLBITS_CARDINAL
 0001:00006A34       AllocateLargeBlock
 0001:0000966C       AllocMem
 0002:000035AC       AllocMemCount
 0002:000035B0       AllocMemSize
 0001:0000697C       AllocNewSequentialFeedMediumPool
 0002:00003680       AllocSize2SmallBlockTypeIndX4
 0001:00005AF4       AllocTlsBuffer
 0001:0002114C       Ansi7ToString
 0001:00021160       Ansi7ToString
 0001:000097CC       AnsiCompareStr
 0001:00009804       AnsiCompareText
 0001:000244D0       AnsiICompW
 0001:0000E3D8       AnsiPos
 0001:0000983C       AnsiSameText
 0001:0005671C       AnsiStringtoByte
 0001:0000E410       AnsiStrPos
 0001:0000E4B0       AnsiStrRScan
 0001:0000E4D8       AnsiStrScan
 0001:00005F6C       AnsiToOem
 0001:00005890       AnsiToUtf8
 0001:00015D24       AnyOp
 0001:000153E4       AnyToIntf
 0001:0000B9A0       AppendChars
 0001:00006400       AppendClassNameToBuffer
 0001:0000BD64       AppendFormat
 0001:000060C0       AppendModuleFileName
 0001:0000BA04       AppendNumber
 0001:000486F4       AppendOutput
 0001:0000B9E4       AppendString
 0001:000063E8       AppendStringToBuffer
 0001:000060E4       AppendStringToModuleName
 0001:00028CF0       ArrayItemType
 0001:0000DB10       AssertErrorHandler
 0002:00003020       AssertErrorProc
 0001:0003E680       AutoFlushProc
 0002:00009C7C       AutoFlushSecondElapsed
 0002:00001958       AutoFlushThread
 0002:00003604       avail
 0002:000012BC       b64enc
 0002:000012FC       b64URIenc
 0001:0000A178       BackfillGetDiskFreeSpaceEx
 0001:0000FC48       BackupVarBoolFromStr
 0001:0000FDA8       BackupVarBStrFromBool
 0001:0000FCC8       BackupVarBStrFromCy
 0001:0000FD38       BackupVarBStrFromDate
 0001:0000FBDC       BackupVarCyFromStr
 0001:0000FB70       BackupVarDateFromStr
 0001:0000FA2C       BackupVarI4FromStr
 0001:0000F9D8       BackupVariantChangeTypeEx
 0001:0000FA98       BackupVarR4FromStr
 0001:0000FB04       BackupVarR8FromStr
 0001:00024A08       Base64AnyDecode
 0001:00024BF4       Base64Encode
 0001:00024B0C       Base64EncodeMain
 0001:00024B7C       Base64EncodeTrailing
 0001:000233E0       Base64MagicCheckAndDecode
 0001:00024CE4       Base64ToBin
 0001:00024CDC       Base64ToBin
 0001:00024CC0       Base64ToBin
 0001:00024C78       Base64ToBinLength
 0001:00024CEC       Base64ToBinSafe
 0001:0005A2F4       base64_delphi
 0002:00000B7C       BaseTypeMap
 0002:00001214       Baudot2Char
 0001:000565B0       BCryptDecrypt
 0001:000565A8       BCryptGenerateSymmetricKey
 0001:00056598       BCryptOpenAlgorithmProvider
 0001:000565A0       BCryptSetProperty
 0002:00001F40       BCRYPT_CHAINING_MODE_
 0002:00001F34       BCRYPT_CHAIN_MODE_CBC_
 0002:00001F3C       BCRYPT_CHAIN_MODE_CFB_
 0002:00001F38       BCRYPT_CHAIN_MODE_ECB_
 0002:00001F44       BCRYPT_CHAIN_MODE_GCM_
 0001:00057118       bdecrypt_gcm
 0001:00006910       BinMediumSequentialFeedRemainder
 0001:00024C3C       BinToBase64
 0001:00024C28       BinToBase64Length
 0001:00024E40       BinToHex
 0001:00024E88       BinToHexDisplay
 0001:00024E60       BinToHexDisplay
 0001:00024EAC       BinToHexDisplayLower
 0001:0000FA14       BiUnimplemented
 0002:000035DC       blockDescBlockList
 0002:000035E0       blockDescFreeList
 0001:000017A8       BlockSum
 0002:00000D20       BooleanIdents
 0002:00000B78       BooleanToStringRule
 0001:00009C58       BoolToStr
 0001:000144E4       BoolToWStrViaOS
 0001:000568F4       BytetoAnsiString
 0001:0000E0D4       ByteToCharIndex
 0001:0000E0AC       ByteToCharLen
 0001:00056AE8       ByteToHexaString
 0001:00056A60       ByteToHexaString
 0001:0000E070       ByteType
 0001:0000DFF8       ByteTypeTest
 0001:00024F1C       CardinalToHex
 0001:00024F40       CardinalToHexShort
 0002:00000C28       CBooleanToRelationship
 0002:00005A38       ChangeAnyProc
 0001:00009FE8       ChangeFileExt
 0002:00008FBC       Char2Baudot
 0001:00003AE0       CharFromWChar
 0001:0000E2A8       CharLength
 0001:00005F74       CharNext
 0001:00000300       CharNext
 0001:0000E1BC       CharToByteIndex
 0001:0000E220       CharToByteLen
 0001:00005F7C       CharToOemA
 0001:00040E74       check2
 0001:000078DC       CheckBlocksOnShutdown
 0001:00007F48       CheckCanInstallMemoryManager
 0001:00003074       CheckJmp
 0001:00041F54       CheckNumberOfArgs
 0001:000077D8       CheckSmallBlockPoolForLeaks
 0001:00015D00       CheckType
 0001:0005B530       chrome
 0002:00000B94       CInvalidCustomVariantType
 0001:0001C39C       Classes
 0001:00027D10       ClassNameShort
 0002:00005A34       ClearAnyProc
 0001:0001761C       ClearVariantTypeList
 0001:00039CB8       CleverReadInteger
 0001:000393D0       CleverStoreInteger
 0001:000002A0       CloseHandle
 0001:00005C74       CloseHandle
 0002:00001994       CMD
 0002:0000199C       CMD
 0002:0000303C       CmdLine
 0002:00003038       CmdShow
 0002:000014A0       CMP
 0002:00000C34       CmpTypeMap
 0001:0000FA20       CmpUnimplemented
 0001:00057C2C       code2utf
 0001:0004FB3C       ColumnTypeNativeDefault
 0001:0004FD24       ColumnTypeNativeToDBFirebird
 0001:0004FB80       ColumnTypeNativeToDBOracle
 0001:00000794       Commit
 0002:00003620       committedRoot
 0001:00022BBC       CompareMem
 0001:00009734       CompareMem
 0002:00000D40       CompareMemFixed
 0001:00009704       CompareStr
 0001:00005C7C       CompareString
 0001:00005C84       CompareStringW
 0001:00009754       CompareText
 0001:00009B80       CompareWith
 0001:0002D174       ComplexType
 0001:00031928       ComplexType
 0001:00050C90       ComputeSQL
 0002:00009CF0       console_output_type
 0001:00025A8C       ContainsUTF8
 0001:0001C5B4       Contnrs
 0001:0000D56C       ConvertAddr
 0002:0000917C       ConvertBase64ToBin
 0002:0000927C       ConvertBase64URIToBin
 0001:00024540       ConvertCaseUTF8
 0001:0000BAF4       ConvertEraString
 0001:00009630       ConvertError
 0001:00009648       ConvertErrorFmt
 0002:00005DE4       ConvertHexToBin
 0001:0000BC5C       ConvertYearString
 0001:00028CE0       CopyArray
 0001:00004BF0       CopyArray
 0001:00005C8C       CopyFile
 0001:00005FA4       CopyMemory
 0002:000000EC       Copyright
 0001:0000E12C       CountChars
 0002:00008E84       CpuFeatures
 0002:00008F70       CpuInfoText
 0002:00000B98       CRangeToType
 0002:00008E98       crc32c
 0001:00026484       crc32cfast
 0001:000265E0       crc32csse42
 0002:00006E84       crc32ctab
 0001:0002664C       crc32cUTF8ToHex
 0002:00000F2C       crcblock
 0001:00026378       crcblockNoSSE42
 0001:00026454       crcblockSSE42
 0001:0000DA54       CreateAssertException
 0001:0000DBDC       CreateAVObject
 0001:0000A27C       CreateDir
 0001:00005C94       CreateDirectory
 0001:00005C9C       CreateEvent
 0001:00005CA4       CreateFile
 0001:000002A8       CreateFileA
 0001:00005CAC       CreateFileMapping
 0001:0000D980       CreateInOutError
 0001:00005CB4       CreateThread
 0002:00001EE4       CREATNDXIFNE
 0002:00000D0C       CRelationshipToBoolean
 0002:00000B5C       CResult
 0001:00056558       CryptUnprotectData
 0001:00056F0C       CryptUnProtectData_
 0002:00000878       cSimpleBoolStrs
 0001:00025FC8       CSVToRawUTF8DynArray
 0002:00000CB0       CText
 0002:00000D04       CTruth
 0002:00003618       curAlloc
 0001:0002793C       Curr64ToPChar
 0001:000278B4       Curr64ToStr
 0001:00027928       Curr64ToStr
 0001:00016A10       CurrCompare
 0002:000058A8       CurrencyDecimals
 0002:000058A4       CurrencyFormat
 0002:000058A0       CurrencyString
 0002:00005ABC       CurrentAnsiConvert
 0001:0000B98C       CurrentYear
 0001:0001630C       CurrOp
 0001:0000B37C       CurrToStr
 0001:00014474       CurrToWStrViaOS
 0002:00000A54       CVarTypeToElementInfo
 0001:000098A4       CvtInt
 0001:00009910       CvtInt64
 0002:000008BC       CWNear
 0002:000008B8       CWNear
 0001:0001C72C       DataTypeToRegData
 0001:000169E8       DateCompare
 0001:00015E44       DateOp
 0002:000058A9       DateSeparator
 0001:0000A1EC       DateTimeToFileDate
 0001:00026C20       DateTimeToIso8601
 0001:00026E30       DateTimeToIso8601ExpandedPChar
 0001:00026D24       DateTimeToIso8601Text
 0001:00026D40       DateTimeToIso8601TextVar
 0001:0000C574       DateTimeToStr
 0001:0000C518       DateTimeToString
 0001:0000B480       DateTimeToTimeStamp
 0001:00026CA8       DateToIso8601
 0001:00026B8C       DateToIso8601PChar
 0001:00026AD4       DateToIso8601PChar
 0001:000144AC       DateToWStrViaOS
 0001:0000B8E0       DayOfWeek
 0002:00001B24       DB_FIELDS
 0002:00001CA4       DB_FIELDSMAX
 0002:00009C94       DB_KEYWORDS
 0002:00001D98       DB_KEYWORDS_CSV
 0002:00001CD4       DB_SERVERTIME
 0002:00001D64       DB_SQLDESENDINGINDEXPOS
 0002:00001D04       DB_SQLLIMITCLAUSE
 0002:00001D70       DB_SQLOPERATOR
 0002:000008B4       DCon10
 0002:00000028       DebugHook
 0002:000058A7       DecimalSeparator
 0001:0000B850       DecodeDate
 0001:0000B704       DecodeDateFully
 0001:00059F10       DecodeStringBase64
 0001:0000B574       DecodeTime
 0001:00000828       Decommit
 0001:00000E44       DecommitFree
 0002:000035F4       decommittedRoot
 0001:0005A378       decrypt_chrome
 0002:00000020       Default8087CW
 0002:000011CC       DefaultCharVar
 0002:00008E9C       DefaultHasher
 0002:00000F28       DefaultSynLogExceptionToStr
 0002:00000034       DefaultTextLineBreakStyle
 0002:00001344       DefaultTextWriterJSONClass
 0002:00009780       DefaultTextWriterTrimEnum
 0002:000035B8       DefaultUserCodePage
 0002:00000948       DefLongDayNames
 0002:000008FC       DefLongMonthNames
 0002:0000092C       DefShortDayNames
 0002:000008CC       DefShortMonthNames
 0001:00004E40       DelayLoadResourceModule
 0001:000004E4       DeleteBlock
 0001:00000454       DeleteCriticalSection
 0001:00005CBC       DeleteCriticalSection
 0001:00009F5C       DeleteFile
 0001:00005CC4       DeleteFile
 0001:00000C8C       DeleteFree
 0001:00025424       DeleteInteger
 0001:00021B84       Deref
 0001:00006770       DetectClassInstance
 0001:000076C0       DetectStringData
 0002:000000BC       dig
 0001:00009E44       DirectoryExists
 0002:00003000       DispCallByIDProc
 0001:00024F58       Div100
 0001:00009614       DivMod
 0002:000010F8       DocVariantDataFake
 0002:000010F0       DocVariantType
 0002:000010F4       DocVariantVType
 0001:0003F6A8       DoLog
 0001:0000DF08       DoneExceptions
 0001:0001C258       DoneThreadSynchronization
 0002:00001808       DOTNET_EXCEPTIONHRESULT
 0002:000016B8       DOTNET_EXCEPTIONNAME
 0002:00000D28       DotSep
 0001:00023670       DoubleToStr
 0002:00000D48       DOUBLE_PRECISION
 0001:0001A0E0       DoWrite
 0002:00002048       DPAPI_CHROME_UNKV10
 0002:00001358       DTMS_FMT
 0001:00004C08       DynArrayClear
 0002:00005DE0       DynArrayIsObjArray
 0001:0002C93C       DynArrayItemTypeLen
 0001:00021C14       DynArrayLength
 0001:0002FB20       DynArraySave
 0001:00004C10       DynArraySetLength
 0001:00021C54       DynArrayTypeInfoToRecordInfo
 0002:00000E48       DYNARRAY_HASHFIRSTFIELD
 0002:00000D90       DYNARRAY_SORTFIRSTFIELD
 0002:0000150C       DYNARRAY_SORTFIRSTFIELDHASHONLY
 0001:0000D954       EHeapException.FreeInstance
 0001:00016874       EmptyCompare
 0001:00016274       EmptyOp
 0002:00005A20       EmptyParam
 0002:00000800       EmptyStr
 0002:00000804       EmptyWideStr
 0001:0000B6D4       EncodeDate
 0001:0000B534       EncodeTime
 0001:00005CCC       EnterCriticalSection
 0001:00000444       EnterCriticalSection
 0001:00005CD4       EnumCalendarInfoA
 0001:0000D1E0       EnumEraNames
 0001:0000D21C       EnumEraYearOffsets
 0002:00001360       ENV
 0002:00005970       EraNames
 0001:0000C7EC       EraToYear
 0002:0000598C       EraYearOffsets
 0002:00000094       errCaption
 0001:00001BE8       Error
 0002:00000004       ErrorAddr
 0001:00001B9C       ErrorAt
 0001:000454B8       ErrorCodeToText
 0001:0000DA00       ErrorHandler
 0002:00000964       ErrorMap
 0002:00003008       ErrorProc
 0001:00041F20       ErrorWrongNumberOfArgs
 0002:000033E0       ErrOutput
 0001:00054CD8       ESQLDBException.CreateUTF8
 0001:0004525C       ESQLite3Exception.Create
 0001:0003A94C       ESynException.CreateUTF8
 0001:0003A9E4       ESynException.CustomLog
 0002:0000300C       ExceptClsProc
 0001:0000DE74       ExceptHandler
 0001:0000D7C8       Exception.Create
 0001:0000D804       Exception.CreateFmt
 0001:0000D884       Exception.CreateRes
 0001:0000D8C0       Exception.CreateResFmt
 0002:0000301C       ExceptionClass
 0001:0000D578       ExceptionErrorMessage
 0001:0003E0F0       ExceptionInheritsFrom
 0002:0000099C       ExceptMap
 0001:00001B3C       ExceptObject
 0002:00003010       ExceptObjProc
 0002:00003004       ExceptProc
 0001:0002F074       Execute
 0002:00009970       ExeInstanceMapFile
 0002:00008F78       ExeVersion
 0002:00000000       ExitCode
 0001:000037F4       ExitDll
 0002:00003040       ExitProc
 0001:00000308       ExitProcess
 0002:00003024       ExitProcessProc
 0001:00005CDC       ExitThread
 0001:0000A13C       ExpandFileName
 0002:0000587C       ExpectedMemoryLeaks
 0001:0002360C       ExtendedToStr
 0001:000235F0       ExtendedToString
 0001:000234AC       ExtendedToStringNoExp
 0002:00000D4C       EXTENDED_PRECISION
 0001:0000A0B0       ExtractFileDir
 0001:0000A104       ExtractFileName
 0001:0000A07C       ExtractFilePath
 0002:000059AC       FalseBoolStrs
 0001:00025520       FastFindIntegerSorted
 0001:00027E28       FastFindPUTF8CharSorted
 0001:00027DD4       FastFindPUTF8CharSorted
 0001:00006F8C       FastFreeMem
 0001:00006C7C       FastGetMem
 0001:00027D40       FastLocatePUTF8CharSorted
 0001:000085EC       FastMM4
 0001:0000605C       FastMM4Messages
 0002:00005898       FastMMIsInstalled
 0001:0001F9F8       FastNewRawUTF8
 0001:00007140       FastReallocMem
 0002:000008A8       FCon1E18
 0001:00009DCC       FileAge
 0001:00025170       FileAgeToDateTime
 0001:00009DC4       FileClose
 0001:00009D20       FileCreate
 0001:00009CFC       FileCreate
 0001:00009E34       FileExists
 0002:00000008       FileMode
 0001:00001FBC       FileNOPProc
 0001:00009CA4       FileOpen
 0001:0002424C       FileOpenSequentialRead
 0001:00009D28       FileRead
 0001:00009D80       FileSeek
 0001:00009D8C       FileSeek
 0001:000390D4       FileSeek64
 0001:000251D0       FileSetDateFrom
 0001:00024268       FileStreamSequentialRead
 0001:0003A270       FileSynLZ
 0001:00005CE4       FileTimeToDosDateTime
 0001:00005CEC       FileTimeToLocalFileTime
 0001:00005CF4       FileTimeToSystemTime
 0001:00009D54       FileWrite
 0001:00000D74       FillAfterGap
 0001:00000D20       FillBeforeGap
 0002:00005AD0       FillcharFast
 0001:0002990C       FillCharSSE2
 0001:00029714       FillCharX87
 0001:00000E0C       FillerSizeAfterGap
 0001:00000D9C       FillerSizeBeforeGap
 0001:00026670       FillZero
 0001:0000F778       Finalization
 0001:0001C5D4       Finalization
 0001:0000F978       Finalization
 0001:0001C584       Finalization
 0001:00054E38       Finalization
 0001:0001C430       Finalization
 0001:0001C2EC       Finalization
 0001:00056440       Finalization
 0001:000563E4       Finalization
 0001:000564E8       Finalization
 0001:0001CB8C       Finalization
 0001:0001CBDC       Finalization
 0001:00018604       Finalization
 0001:000185AC       Finalization
 0001:000460A0       Finalization
 0001:0004616C       Finalization
 0001:0003B44C       Finalization
 0001:0001D16C       Finalization
 0001:00056478       Finalization
 0001:00059ED8       Finalization
 0001:0005A2C4       Finalization
 0001:00008914       Finalization
 0001:000085AC       Finalization
 0001:00005C14       Finalization
 0001:00018474       Finalization
 0001:000182D8       Finalization
 0001:00005BDC       Finalization
 0001:000564B0       Finalization
 0001:00056520       Finalization
 0001:00056560       Finalization
 0001:00057600       Finalization
 0001:00010174       Finalization
 0001:00056E10       Finalization
 0001:000565B8       Finalization
 0001:000059AC       Finalization
 0001:0000602C       Finalization
 0001:0005B378       Finalization
 0001:00005FF4       Finalization
 0001:0005B3B8       Finalization
 0001:00041070       Finalization
 0001:0005755C       Finalization
 0001:00004C00       FinalizeArray
 0001:00008538       FinalizeMemoryManager
 0001:00003630       FinalizeUnits
 0001:00004EB0       FindBS
 0001:00009F40       FindClose
 0001:00000318       FindClose
 0001:00005CFC       FindClose
 0001:00000CF0       FindCommitted
 0001:00025F1C       FindCSVIndex
 0001:000181EC       FindCustomVariantType
 0001:00009ECC       FindFirst
 0001:00000320       FindFirstFile
 0001:00005D04       FindFirstFile
 0002:00005A80       FindGlobalComponentProcs
 0001:00004E18       FindHInstance
 0001:00009E68       FindMatchingFile
 0001:00009F1C       FindNext
 0001:00005D0C       FindNextFile
 0001:00024424       FindNextUTF8WordBegin
 0001:0000FE3C       FindProc
 0001:00025044       FindRawUTF8
 0001:00004E88       FindResourceHInstance
 0001:00021EAC       FindShortStringListExact
 0001:00021F04       FindShortStringListTrimLowerCase
 0001:000173B0       FindVarData
 0002:000059BC       FLanguages
 0001:0000AEF4       FloatToDecimal
 0001:0000B34C       FloatToStr
 0001:0000AC1C       FloatToText
 0001:0000A948       FloatToText
 0001:00002220       Flush
 0001:00005D14       FlushFileBuffers
 0001:00005D1C       FlushInstructionCache
 0002:000008C0       FMSecsPerDay
 0001:0000A844       FmtStr
 0002:000008C8       Format
 0001:0000A830       Format
 0001:0000A478       FormatBuf
 0001:0000A46C       FormatClearStr
 0001:0000A3F0       FormatError
 0002:000008A0       FormatErrorStrs
 0001:00005D24       FormatMessage
 0001:00005D2C       FormatMessageW
 0001:000236D4       FormatUTF8
 0001:000236E8       FormatUTF8
 0001:0000A448       FormatVarToStr
 0001:0000285C       FPower10
 0001:00007E98       FreeAllMemory
 0001:0000F3CC       FreeAndNil
 0001:00000A5C       FreeCommitted
 0001:00000F7C       FreeCurAlloc
 0001:00005D34       FreeEnvironmentStringsA
 0001:0001C278       FreeIntConstList
 0001:00006A98       FreeLargeBlock
 0001:00000328       FreeLibrary
 0001:00005D3C       FreeLibrary
 0001:000006DC       FreeSpace
 0001:0000EF38       FreeTerminateProcs
 0001:00028A90       FromVarInt32
 0001:00028CB8       FromVarString
 0001:00028B54       FromVarUInt32
 0002:00008FA8       GarbageCollector
 0001:0003AEBC       GarbageCollectorFree
 0001:0003AF9C       GarbageCollectorFreeAndNil
 0002:00009834       GarbageCollectorFreeAndNilList
 0002:00008FAC       GarbageCollectorFreeing
 0001:00001E84       Get8087CW
 0001:00005D44       GetACP
 0001:00026230       GetAllBits
 0001:00026224       GetBit
 0001:0000045C       GetBlockDesc
 0001:00025654       GetBoolean
 0001:00027CC0       GetCaptionFromPCharLen
 0001:00021DB4       GetCaptionFromTrimmed
 0001:00025684       GetCardinal
 0001:000003F8       GetCmdShow
 0001:0003C330       GetCode
 0001:00000330       GetCommandLine
 0001:000008A8       GetCommitted
 0001:00000938       GetCommittedAt
 0001:00005D54       GetComputerNameW
 0001:0000BA50       GetCount
 0001:00005D4C       GetCPInfo
 0001:000265B0       GetCPUID
 0001:00005D5C       GetCurrentProcess
 0001:000003E8       GetCurrentThreadId
 0001:00005D64       GetCurrentThreadId
 0001:0000BA7C       GetDate
 0001:00005D6C       GetDateFormat
 0001:0000C704       GetDateOrder
 0001:00019A14       GetDesigner
 0001:00005D74       GetDiskFreeSpaceA
 0002:00000874       GetDiskFreeSpaceEx
 0001:00002EDC       GetDynaMethod
 0001:00021E00       GetEnumCaptions
 0001:00021CD8       GetEnumInfo
 0001:00021E44       GetEnumName
 0001:00021F68       GetEnumNameValue
 0001:00021D34       GetEnumTrimmedNames
 0001:00005D7C       GetEnvironmentStringsA
 0001:00005D84       GetEnvironmentVariable
 0001:0000F460       GetEnvironmentVariable
 0001:0000D294       GetEraNamesAndYearOffsets
 0001:0000C798       GetEraYearOffset
 0001:0000DBC4       GetExceptionClass
 0001:0000DDA8       GetExceptionObject
 0001:00025958       GetExtended
 0001:00025984       GetExtended
 0001:00005D8C       GetFileAttributes
 0001:00005D94       GetFileAttributesEx
 0001:000250EC       GetFileNameWithoutExt
 0001:000002B8       GetFileSize
 0001:00005D9C       GetFileTime
 0001:000002B0       GetFileType
 0001:00005F4C       GetFileVersionInfo
 0001:00005F54       GetFileVersionInfoSize
 0001:00006798       GetFirstAndLastSmallBlockInPool
 0001:000067F8       GetFirstMediumBlockInPool
 0001:0000E778       GetFormatSettings
 0001:00005DA4       GetFullPathName
 0001:0003D674       GetHandleExceptionSynLog
 0001:000017BC       GetHeapStatus
 0001:0002429C       GetHighUTF8UCS4
 0001:000242F4       GetHighUTF8UCS4Inlined
 0001:0003D490       GetInstanceMapFile
 0001:0002583C       GetInt64
 0001:00025850       GetInt64
 0001:000255C0       GetInteger
 0001:00025554       GetInteger
 0001:00035E04       GetJSONField
 0001:0003666C       GetJSONFieldOrObjectOrArray
 0001:00036800       GetJSONItemAsRawJSON
 0001:00036454       GetJSONPropName
 0001:000362F8       GetJSONPropName
 0001:0002DCC8       GetJSONToAnyVariant
 0001:00002B48       GetKeyboardType
 0001:00000338       GetLastError
 0001:00005DAC       GetLastError
 0001:0000CF0C       GetLocaleChar
 0001:0000EAF0       GetLocaleFormatSettings
 0001:00005DBC       GetLocaleInfo
 0001:00000340       GetLocaleInfo
 0001:0000D0D0       GetLocaleMonthDayNames
 0001:0000CEC0       GetLocaleStr
 0001:00005DB4       GetLocalTime
 0001:00007744       GetMemoryLeakType
 0001:00001AD4       GetMemoryManager
 0001:00005DC4       GetModuleFileName
 0001:00000348       GetModuleFileName
 0001:00005DCC       GetModuleFileNameA
 0001:00005AD4       GetModuleHandle
 0001:00000350       GetModuleHandle
 0001:00005DD4       GetModuleHandle
 0001:0000EE54       GetModuleName
 0001:0000CF70       GetMonthDayNames
 0001:0003A05C       GetNextFieldProp
 0001:0002C994       GetNextFieldType
 0001:00025E10       GetNextItem
 0001:00025EBC       GetNextItemCardinal
 0001:00025E54       GetNextItemTrimed
 0001:00025D88       GetNextLine
 0001:0002434C       GetNextUTF8Upper
 0001:0002E03C       GetNumericVariantFromJSON
 0001:00018538       GetOrdProp
 0001:00001CC8       GetParamStr
 0001:00000358       GetProcAddress
 0001:00005DDC       GetProcAddress
 0001:000184E4       GetPropInfos
 0001:00021D04       GetSetInfo
 0001:00021FC4       GetSetNameValue
 0001:00000600       GetSpace
 0001:00000664       GetSpaceAt
 0001:0005A2FC       GetSpecialFolder
 0001:00000360       GetStartupInfo
 0001:000002C0       GetStdHandle
 0001:00005DE4       GetStdHandle
 0001:00005DEC       GetStringTypeEx
 0001:00005DF4       GetSystemInfo
 0001:00005F84       GetSystemMetrics
 0001:00005DFC       GetSystemTime
 0001:00005E04       GetSystemTimeAsFileTime
 0001:00023DA8       GetSystemTimeMillisecondsForXP
 0001:00000368       GetThreadLocale
 0001:00005E0C       GetThreadLocale
 0002:00008F74       GetTickCount64
 0001:0000BAB4       GetTime
 0001:00005B00       GetTlsSize
 0001:000184D8       GetTypeData
 0001:00021C34       GetTypeInfo
 0001:00021C20       GetTypeInfo
 0001:00021C4C       GetTypeInfo
 0001:00005C4C       GetUserNameW
 0001:0002E1D0       GetVariantFromJSON
 0001:0002E108       GetVariantFromNotStringJSON
 0001:000003F0       GetVersion
 0001:00005E14       GetVersionEx
 0001:00023DA0       GetVersionEx
 0001:00005E1C       GlobalAlloc
 0001:00005FB4       GlobalAllocPtr
 0002:00009838       GlobalCriticalSection
 0002:00009974       GlobalCurrentHandleExceptionHooked
 0002:00009868       GlobalCurrentHandleExceptionSynLog
 0002:000097A0       GlobalCustomJSONSerializerFromTextSimpleType
 0002:00009CC4       GlobalDefinitions
 0002:00005A84       GlobalFixupList
 0001:00005E24       GlobalFree
 0001:00005FE0       GlobalFreePtr
 0001:00005E34       GlobalHandle
 0002:0000979C       GlobalJSONCustomParsers
 0002:00009978       GlobalLastException
 0002:000016B4       GlobalLastExceptionIndex
 0001:0003AFAC       GlobalLock
 0001:00005E2C       GlobalLock
 0002:00009804       GlobalLogTime
 0002:00005A6C       GlobalNameSpace
 0001:00005E3C       GlobalReAlloc
 0001:00005FC4       GlobalReAllocPtr
 0002:00009850       GlobalThreadLock
 0001:00005E44       GlobalUnlock
 0001:0003AFB8       GlobalUnLock
 0001:00036778       GotoEndJSONItem
 0001:0002315C       GotoEndOfJSONString
 0001:0003686C       GotoNextJSONItem
 0001:00036B9C       GotoNextJSONObjectOrArray
 0001:00036908       GotoNextJSONObjectOrArrayInternal
 0001:00036BE0       GotoNextJSONObjectOrArrayMax
 0001:00036590       GotoNextJSONPropName
 0001:0002317C       GotoNextNotSpace
 0001:000275EC       GUIDToText
 0001:00010E84       HandleConversionException
 0001:00030D74       HandleObjArray
 0001:000261A0       Hash32
 0001:0003179C       HashAnsiString
 0001:000317C0       HashAnsiStringI
 0001:000318D8       HashByte
 0001:00031908       HashCardinal
 0001:00031918       HashInt64
 0001:000318F8       HashInteger
 0001:000318C8       HashPointer
 0001:00031800       HashSynUnicode
 0001:00031828       HashSynUnicodeI
 0001:00031C60       HashVariant
 0001:00031C6C       HashVariantI
 0001:00031860       HashWideString
 0001:00031888       HashWideStringI
 0001:000318E8       HashWord
 0002:00000024       HeapAllocFlags
 0002:000035C0       heapErrorCode
 0002:000035C4       heapLock
 0001:00056C54       HexaStringToByte2
 0001:00027680       HexaToByte
 0002:0000158C       HexChars
 0002:0000159C       HexCharsLower
 0002:00000870       HexDisplayPrefix
 0001:0002493C       HexDisplayToBin
 0001:00024990       HexToBin
 0002:00003660       HInstance
 0002:000014A8       ICMP
 0001:00025AE0       IdemPChar
 0001:00025B3C       IdemPCharArray
 0001:00023CFC       IdemPropName
 0001:00023CDC       IdemPropName
 0001:00023C90       IdemPropNameU
 0001:00023D14       IdemPropNameU
 0001:00023D3C       IdemPropNameUSameLen
 0002:000008C4       IMSecsPerDay
 0001:00010F70       InBounds
 0001:00011210       InBounds
 0001:0000E398       IncludeTrailingPathDelimiter
 0001:00011240       Increment
 0001:00010FA0       Increment
 0001:0001C61C       IniFiles
 0001:00000AE8       InitAllocator
 0001:0005B26C       initAPI
 0001:0003798C       InitConsole
 0002:00003630       InitContext
 0001:0000EF58       InitDriveSpacePtr
 0001:0000DE84       InitExceptions
 0002:000007FC       InitializationCodeHasRun
 0001:00005E4C       InitializeCriticalSection
 0001:0000043C       InitializeCriticalSection
 0002:000035BC       initialized
 0001:00008364       InitializeMemoryManager
 0001:00005B8C       InitializeModule
 0001:0000FE68       InitializeVarUtils
 0001:0000E58C       InitLeadBytes
 0001:0000DF88       InitPlatformId
 0001:00029A1C       InitRedirectCode
 0001:0003B02C       InitSynCommonsConversionTables
 0001:0000E604       InitSysLocale
 0001:0001C224       InitThreadSynchronization
 0001:00005B08       InitThreadTLS
 0001:00003690       InitUnits
 0002:00003048       Input
 0001:00000EF4       InsertFree
 0001:000068B0       InsertMediumBlockIntoBin
 0001:000084D0       InstallMemoryManager
 0001:00022818       Int32ToUtf8
 0001:000211D8       Int32ToUtf8
 0001:00016984       Int64Compare
 0001:00015FD0       Int64Op
 0001:000252B8       Int64ScanExists
 0001:0002547C       Int64ScanIndex
 0001:0002291C       Int64ToUtf8
 0001:00021218       Int64ToUtf8
 0001:00016970       IntCompare
 0002:00005A78       IntConstList
 0001:00030910       IntegerDynArrayLoadFrom
 0001:00025344       IntegerScan
 0001:00025220       IntegerScanExists
 0001:00025460       IntegerScanIndex
 0001:000003E0       InterlockedDecrement
 0001:0000EFC0       InterlockedDecrement
 0001:00024290       InterlockedDecrement
 0001:0000EFCC       InterlockedExchange
 0001:0000EFD4       InterlockedExchangeAdd
 0001:000003D8       InterlockedIncrement
 0001:00024284       InterlockedIncrement
 0001:0000EFB4       InterlockedIncrement
 0001:00001FFC       InternalClose
 0001:000423F8       InternalConcatFinal
 0001:0004231C       InternalConcatStep
 0001:0003E134       InternalDefaultSynLogExceptionToStr
 0001:000021D8       InternalFlush
 0001:00000D50       InternalFreeMem
 0001:00042430       InternalIntegerDynArray
 0001:000066F0       InternalIsValidClass
 0001:0004283C       InternalJsonGet
 0001:00042970       InternalJsonHas
 0001:00042A78       InternalJsonSet
 0001:000420FC       InternalMod
 0001:0004220C       InternalRank
 0001:000425EC       InternalRawUTF8DynArray
 0001:000424BC       InternalSimpleInt64DynArray
 0001:00042018       InternalSoundex
 0001:000420B0       InternalSoundexEs
 0001:00042064       InternalSoundexFr
 0001:00042188       InternalTimeLog
 0001:00003E68       InternalUniqueString
 0002:00008EA0       InterningHasher
 0001:00015EB8       IntOp
 0001:00009A2C       IntToHex
 0001:00009A04       IntToHex
 0001:000098F0       IntToStr
 0001:000099DC       IntToStr
 0001:00022810       IntToString
 0001:0000746C       InvalidFreeMem
 0001:000073E4       InvalidGetMem
 0002:000007F0       InvalidMemoryManager
 0002:000059B8       InvalidPointer
 0001:000074F8       InvalidReallocMem
 0001:00002D94       InvokeImplGetter
 0001:00001C68       IOResult
 0001:00005E54       IsBadReadPtr
 0002:00003044       IsConsole
 0001:0003AD18       IsDebuggerPresent
 0001:0000E354       IsDelimiter
 0001:0001FB24       IsFixedWidthCodePage
 0001:0000B5D0       IsLeapYear
 0002:00003034       IsLibrary
 0002:00005899       IsMemoryManagerOwner
 0001:00001B0C       IsMemoryManagerSet
 0002:00003045       IsMultiThread
 0001:000275CC       IsNullGUID
 0001:00026A94       Iso8601ToDateTime
 0001:00026780       Iso8601ToDateTimePUTF8Char
 0001:000267A4       Iso8601ToDateTimePUTF8CharVar
 0001:000270C4       Iso8601ToTimeLog
 0001:00026EB0       Iso8601ToTimeLogPUTF8Char
 0002:00001348       ISO8601_LEN
 0001:0000E320       IsPathDelimiter
 0001:0001C718       IsRelative
 0001:00023240       isSelect
 0001:00005E5C       IsValidLocale
 0001:00006674       IsValidVMTAddress
 0001:0000E5EC       IsWesternGroup
 0002:00008EA4       IsWow64
 0001:00026140       IsZero
 0002:0000002C       JITEnable
 0001:00036D04       JSONArrayCount
 0001:00036C24       JSONArrayCount
 0001:00036C90       JSONArrayItem
 0001:00037330       JSONBufferReformat
 0002:000097A4       JSONCustomParserCache
 0001:00035CCC       JSONDecode
 0001:00035CF8       JSONDecode
 0001:00035C2C       JSONEncode
 0001:00036F5C       JsonObjectByPath
 0001:00036DF4       JsonObjectItem
 0001:00036D7C       JSONObjectPropCount
 0001:000370A0       JsonObjectsByPath
 0001:00039FDC       JsonPropNameValid
 0002:00001424       JSONRTTI_SIZE
 0001:0002AD40       JSONSerializerFromTextSimpleTypeAdd
 0001:0004274C       JsonToSQlite3Context
 0002:00000F00       JSON_BASE64_MAGIC_QUOTE_VAR
 0002:00005AC8       JSON_CONTENT_TYPE_HEADER_VAR
 0002:00005AC4       JSON_CONTENT_TYPE_VAR
 0002:00000D50       JSON_NAN
 0002:000010EC       JSON_OPTIONS
 0002:0000937C       JSON_SQLDATE_MAGIC_TEXT
 0001:0005972C       js_base
 0001:00058BD8       js_boolean
 0001:00058DB0       js_integer
 0001:00059348       js_list
 0001:00059498       js_method
 0001:00058CFC       js_null
 0001:00058DF0       js_number
 0001:000595DC       js_object
 0001:000591E4       js_string
 0001:000565E8       JwaBCrypt
 0001:00056518       JwaNtStatus
 0001:00056550       JwaWinBase
 0001:00056590       JwaWinCrypt
 0001:00056470       JwaWinDLLNames
 0001:000564A8       JwaWinNT
 0001:000564E0       JwaWinType
 0001:000379F8       KB
 0002:000097A8       KINDTYPE_INFO
 0002:00001444       KNOWNTYPE_ITEMNAME
 0002:000014F0       KNOWNTYPE_SIZE
 0002:0000586C       LargeBlocksCircularList
 0002:00005868       LargeBlocksLocked
 0002:00009784       LastAppUserModelID
 0001:00009F98       LastDelimiter
 0002:000037DC       LastSequentiallyFedMediumBlock
 0001:00005938       LCIDToCodePage
 0001:0000E518       LCIDToCodePage
 0002:00000850       LeadBytes
 0001:00005E64       LeaveCriticalSection
 0001:0000044C       LeaveCriticalSection
 0002:00000038       LibModuleList
 0002:0000596E       ListSeparator
 0002:00000D08       LNextVarType
 0001:00005E6C       LoadLibrary
 0001:00000370       LoadLibraryEx
 0001:0003CABC       LoadMab
 0001:0003C7E4       LoadMap
 0001:0000507C       LoadResourceModule
 0001:000058E0       LoadResString
 0002:00000FB0       LoadResStringTranslate
 0001:00000378       LoadString
 0001:00005F8C       LoadString
 0001:0000041C       LocalAlloc
 0001:00005ADC       LocalAlloc
 0001:00000424       LocalFree
 0001:0000CF34       LocalGetLocaleStr
 0001:0000D094       LocalGetLocaleStr
 0001:000060B8       LockCmpxchg
 0001:000069F4       LockLargeBlocks
 0001:00006838       LockMediumBlocks
 0001:00056614       log
 0002:00001960       LOGCOLORS
 0001:0003E2BC       LogExcept
 0002:000098F0       LogInfoCaption
 0002:00009870       LogInfoText
 0002:000015AC       LOG_LEVEL_TEXT
 0002:000058B0       LongDateFormat
 0002:00005944       LongDayNames
 0002:000058F8       LongMonthNames
 0002:000058C4       LongTimeFormat
 0001:00024E00       LowerCase
 0001:000096C8       LowerCase
 0001:00000380       lstrcpyn
 0002:00005A44       LVarTypes
 0002:00005A48       LVarTypeSync
 0002:0000302C       MainInstance
 0002:00003030       MainThreadID
 0001:000004AC       MakeEmpty
 0001:00003798       MakeErrorMessage
 0001:00028D30       ManagedTypeCompare
 0001:00029150       ManagedTypeLoad
 0001:00028FF0       ManagedTypeSave
 0001:00028EDC       ManagedTypeSaveLength
 0001:0000DB44       MapException
 0001:000034A8       MapToRunError
 0001:00005E74       MapViewOfFile
 0002:00001B10       MAP_FIELDTYPE2VARTYPE
 0001:0003C190       MatchPattern
 0001:0001C460       Math
 0002:000037E8       MediumBlockBinBitmaps
 0002:000037E4       MediumBlockBinGroupBitmap
 0002:00003868       MediumBlockBins
 0002:000037C8       MediumBlockPoolsCircularList
 0002:000037D8       MediumBlocksLocked
 0002:000037E0       MediumSequentialFeedBytesLeft
 0002:00000040       MemoryManager
 0001:000004FC       MergeBlockAfter
 0001:00000FC8       MergeCommit
 0001:00005F94       MessageBox
 0001:00000310       MessageBox
 0001:00005F9C       MessageBoxA
 0001:0000F9A8       Messages
 0001:00037C98       MicroSecToString
 0002:0000008C       MinInfStr
 0002:000019A4       MM
 0002:000000D4       Module
 0002:0000365D       ModuleIsCpp
 0002:0000365C       ModuleIsLib
 0001:0001C2E4       ModuleUnload
 0002:0000003C       ModuleUnloadList
 0002:00000820       MonthDays
 0001:00001C88       Move
 0001:00006140       Move12
 0001:00006154       Move20
 0001:00006174       Move28
 0001:000061A0       Move36
 0001:00006138       Move4
 0001:000061C0       Move44
 0001:000061E4       Move52
 0001:00006210       Move60
 0001:00006240       Move68
 0001:0001CE18       movechars
 0002:00005AD4       MoveFast
 0001:00005E7C       MoveFile
 0001:00006278       MoveX16LP
 0001:000297B0       MoveX87
 0001:000062A8       MoveX8LP
 0001:00005E84       MultiByteToWideChar
 0001:00000390       MultiByteToWideChar
 0001:0003AE04       MultiEventAdd
 0001:0003ADC8       MultiEventFind
 0001:0003AE74       MultiEventRemove
 0001:0003AE58       MultiEventRemove
 0002:00001514       n2u
 0002:00000080       NanStr
 0001:000062CC       NativeUIntToStrBuf
 0002:000058A5       NegCurrFormat
 0001:00001054       NewCommit
 0001:00001080       NewCommitAt
 0001:0003F9FC       NewLine
 0002:0000588C       NewMemoryManager
 0001:0000E2E4       NextCharIndex
 0001:0003C2F0       NextLine
 0001:000067D4       NextMediumBlock
 0001:00023190       NextNotSpaceCharIs
 0002:00000030       NoErrMsg
 0002:00005BD8       NormToLower
 0002:00005AD8       NormToUpper
 0002:00005CD8       NormToUpperAnsi7
 0001:00003060       NotifyAnyExcept
 0001:00019AAC       NotifyDesigner
 0001:00003034       NotifyExcept
 0001:00003094       NotifyExceptFinally
 0001:0000537C       NotifyModuleUnload
 0001:00003010       NotifyNonDelphiException
 0001:0000304C       NotifyOnExcept
 0001:00002FF4       NotifyReRaise
 0001:000030BC       NotifyTerminate
 0001:000030D8       NotifyUnhandled
 0002:00001210       NOTRAILING
 0001:0000B93C       Now
 0001:00027574       NowToString
 0001:0002673C       NowUTC
 0002:00001374       NULCHAR
 0002:00001990       NULCHAR
 0001:000182A4       Null
 0002:00000B70       NullAsStringValue
 0001:00016888       NullCompare
 0002:00000B64       NullEqualityRule
 0002:00000B68       NullMagnitudeRule
 0001:000161C8       NullOp
 0002:00000B6C       NullStrictConvert
 0002:00001254       NULL_SHORTSTRING
 0002:00005ACC       NULL_STR_VAR
 0001:00032250       ObjArrayAddOnce
 0001:000322B8       ObjArrayClear
 0002:00005880       OldMemoryManager
 0002:00009C78       oldUnWindProc
 0001:00001F1C       OpenText
 0002:00000BAC       OpTypeMap
 0001:00047DA0       OracleSQLIso8601ToDate
 0002:00009CEC       osarch
 0002:00008F68       OSVersion
 0002:00008ECC       OSVersionInfo
 0002:00008F6C       OSVersionText
 0002:000059B4       OutOfMemory
 0002:00003214       Output
 0001:00005E8C       OutputDebugStringA
 0002:00000B74       PackVarCreation
 0001:00001DB4       ParamStr
 0001:00017C58       ParseParam
 0001:000288A4       PatchCode
 0001:0002896C       PatchCodePtrUInt
 0002:00001DC8       PCHARS
 0002:0000982C       PhysicalAsTextCache
 0002:000010E4       PLURAL_FORM
 0002:00000084       PlusInfStr
 0001:0003418C       Pointer4ToHex
 0001:000191D8       PointerInModule
 0001:00024EF8       PointerToHex
 0001:00024ED4       PointerToHex
 0001:00022FBC       PosChar
 0001:000508DC       PosErrorNumber
 0001:00022C58       PosEx
 0001:00022FF0       PosI
 0001:00022DF0       Process
 0001:0002DC90       ProcessSimple
 0001:0002B75C       ProcessValue
 0001:0001BAAC       PropValueError
 0002:000000D0       PtrToNil
 0001:00025474       PtrUIntScanExists
 0001:0000A904       PutExponent
 0001:00005E94       QueryPerformanceCounter
 0001:00005E9C       QueryPerformanceFrequency
 0001:00023084       QuotedStr
 0001:0002308C       QuotedStr
 0001:0000DB00       RaiseAssertException
 0001:000002C8       RaiseException
 0001:0001B384       RaiseException
 0001:00005EA4       RaiseException
 0002:00003014       RaiseExceptionProc
 0001:0000EE8C       RaiseLastOSError
 0001:000238E4       RawByteStringToBytes
 0001:00032294       RawObjectsClear
 0001:000210C0       RawUnicodeToUtf8
 0001:00020EC8       RawUnicodeToUtf8
 0001:00021134       RawUnicodeToUtf8
 0001:00026088       RawUTF8ArrayToCSV
 0001:0003096C       RawUTF8DynArrayLoadFromContains
 0001:00042684       RawUTF8ToSQlite3Context
 0001:0002D094       RawUTF8ToVariant
 0001:0002D0CC       RawUTF8ToVariant
 0001:0001BA94       ReadError
 0001:0001C6EC       ReadError
 0001:000002D0       ReadFile
 0001:00005EAC       ReadFile
 0001:0003C5E8       ReadLines
 0001:00027F4C       ReadResourceByName
 0001:0003C3BC       ReadSegments
 0001:0003C20C       ReadSymbol
 0001:0003C4F0       ReadSymbols
 0001:000169C0       RealCompare
 0001:00006B30       ReallocateLargeBlock
 0001:00015DB0       RealOp
 0001:00029704       RecordClear
 0001:000292B0       RecordEquals
 0001:000295BC       RecordLoad
 0001:00029560       RecordSave
 0001:00029444       RecordSave
 0001:000293DC       RecordSaveLength
 0001:00021CC4       RecordTypeInfoSize
 0002:00005A3C       RefAnyProc
 0001:00005C54       RegCloseKey
 0001:00000398       RegCloseKey
 0001:00005C5C       RegFlushKey
 0002:00005A7C       RegGroups
 0001:000053D8       RegisterModule
 0001:0001CBD4       Registry
 0001:000003A0       RegOpenKeyEx
 0001:00005C64       RegOpenKeyEx
 0001:000003A8       RegQueryValueEx
 0001:00005C6C       RegQueryValueEx
 0002:0000004C       reMap
 0002:00003614       remBytes
 0001:0000056C       RemoveBlock
 0001:0001B964       RemoveFixupReferences
 0001:0001BA10       RemoveFixups
 0001:00006870       RemoveMediumFreeBlock
 0001:0000531C       RemoveModuleUnloadProc
 0001:000052F4       RemoveModuleUnloadProc
 0001:00009F74       RenameFile
 0001:00005EB4       ResetEvent
 0001:00001508       ResizeInPlace
 0001:00023DF4       RetrieveSystemInfo
 0001:000194EC       ReturnAddr
 0001:0001A240       ReturnAddr
 0001:0004281C       returnObject
 0002:00001F48       rnd_table
 0002:00003610       rover
 0002:00009C80       RtlCaptureStackBackTrace
 0002:0000195C       RtlCaptureStackBackTraceRetrieved
 0001:000184A4       RTLConsts
 0001:000002D8       RtlUnwind
 0002:00003018       RTLUnwindProc
 0002:0000009C       runErrMsg
 0001:00001B90       RunErrorAt
 0001:00008588       RunInitializationCode
 0001:0000FE1C       SafeArrayCreate
 0001:0000FE24       SafeArrayGetLBound
 0001:0000FE2C       SafeArrayGetUBound
 0001:0000FE34       SafeArrayPtrOfIndex
 0001:0000F3DC       SafeLoadLibrary
 0001:000097A8       SameText
 0001:00024924       SameTextU
 0001:00024F9C       SameValue
 0002:00001B08       SBF_BOOL
 0001:0000C588       ScanBlanks
 0001:0000C6CC       ScanChar
 0001:0000C848       ScanDate
 0001:0000C5AC       ScanNumber
 0001:0000C640       ScanString
 0001:0000CB8C       ScanTime
 0001:0000C750       ScanToNumber
 0001:000010B4       SearchSmallBlocks
 0001:00001E74       Set8087CW
 0001:0002624C       SetBit
 0001:000175EC       SetClearVarToEmptyParam
 0001:00005EBC       SetConsoleTextAttribute
 0001:00005EC4       SetEndOfFile
 0001:000002E0       SetEndOfFile
 0001:00005ECC       SetErrorMode
 0001:00005ED4       SetEvent
 0001:000035E8       SetExceptionHandler
 0001:00028538       SetExecutableVersion
 0001:000002E8       SetFilePointer
 0001:00005EDC       SetFilePointer
 0001:00005EE4       SetFileTime
 0001:00001C14       SetInOutRes
 0001:000256CC       SetInt64
 0001:00005EEC       SetLastError
 0001:00001AF0       SetMemoryManager
 0001:000257A8       SetQWord
 0001:00021BB0       SetRawUTF8
 0001:00049490       SetResultToSameConnection
 0001:0002F2C4       SetTempFromFirstArgument
 0001:0003AD20       SetThreadNameDefault
 0002:000090BC       SettingsUS
 0001:000175D4       SetVarAsError
 0001:0002CF48       SetVariantByRef
 0001:0002CFA0       SetVariantByValue
 0001:0002CF34       SetVariantNull
 0001:0002CEBC       SetVariantUnRefSimpleValue
 0002:0000088C       ShareMode
 0002:00009D08       SHGetSpecialFolderPath
 0002:000058AC       ShortDateFormat
 0002:00005928       ShortDayNames
 0002:000058C8       ShortMonthNames
 0001:00020C78       ShortStringToUTF8
 0002:000058C0       ShortTimeFormat
 0001:0000D700       ShowException
 0002:0000589A       ShowingMessageBox
 0001:00006644       ShowMessageBox
 0001:00030890       SimpleDynArrayLoadFrom
 0001:00016494       SimpleVarOp
 0002:00000D44       SINGLE_PRECISION
 0001:0001BDF8       SkipBinary
 0001:0001BE28       SkipCollection
 0001:0001BDD0       SkipList
 0001:00058B28       skip_spc
 0001:00005EF4       Sleep
 0001:0000EE84       Sleep
 0001:00023DDC       SleepHiRes
 0002:000000F0       SmallBlockTypes
 0002:0000361C       smallTab
 0002:00005EE4       SmallUInt32UTF8
 0002:000014B8       SORT1
 0002:000014D8       SORT2
 0001:0002FDD8       SortDynArrayAnsiString
 0001:0002FE50       SortDynArrayAnsiStringI
 0001:00023AD8       SortDynArrayAnsiStringSSE42
 0001:0002FCC4       SortDynArrayBoolean
 0001:0002FCE8       SortDynArrayByte
 0001:0002FD28       SortDynArrayCardinal
 0001:0002FDB4       SortDynArrayDouble
 0001:0002FD48       SortDynArrayInt64
 0001:0002FD18       SortDynArrayInteger
 0001:0002FD88       SortDynArrayPointer
 0001:0002FD68       SortDynArrayQWord
 0001:0002FD00       SortDynArrayShortint
 0001:0002FD90       SortDynArraySingle
 0001:0002FCF4       SortDynArraySmallint
 0001:0002FE5C       SortDynArrayString
 0001:0002FE68       SortDynArrayStringI
 0001:0002FE74       SortDynArrayUnicodeString
 0001:0002FE80       SortDynArrayUnicodeStringI
 0001:000300E4       SortDynArrayVariant
 0001:0002FF64       SortDynArrayVariantComp
 0001:0002FE8C       SortDynArrayVariantCompareAsString
 0001:0002FEF8       SortDynArrayVariantCompareAsStringI
 0001:000300EC       SortDynArrayVariantI
 0001:0002FD0C       SortDynArrayWord
 0001:0002FF60       SortDynArrayZero
 0002:00001378       SORTEDNAMES
 0002:00001400       SORTEDTYPES
 0001:000243F8       SoundExComputeFirstCharUTF8
 0001:00024398       SoundExComputeUTF8
 0001:00024480       SoundExUTF8
 0002:000012AC       SOUNDEXVALUES
 0002:000035E4       spaceRoot
 0001:00022DD8       Split
 0001:00022CF4       Split
 0001:00023394       SQLBegin
 0002:00000F04       SQLDBFIELDTYPE_TO_DELPHITYPE
 0002:00001EEC       SQLDBRowVariantType
 0002:00009C84       sqlite3
 0001:000422FC       sqlite3InternalFree
 0001:0004230C       sqlite3InternalFreeRawByteString
 0001:0004546C       sqlite3_check
 0002:000019AC       SQLITE3_ENTRIES
 0002:00001EF0       SQLITE3_FIELDS
 0001:0004549C       sqlite3_resultToErrorCode
 0001:00045574       sqlite3_resultToErrorText
 0001:00041D88       SQLVarToSQlite3Context
 0002:00008FB0       StdOut
 0001:0000A3A0       StrAlloc
 0001:0000E094       StrByteType
 0001:0000E280       StrCharLength
 0002:00000D80       StrComp
 0001:00023A50       StrCompFast
 0001:00023A88       StrCompSSE42
 0001:000239D4       StrCompW
 0002:00000D88       strcspn
 0001:00023B8C       strcspnpas
 0001:00023BE8       strcspnsse42
 0001:0002775C       StrCurr64
 0001:0000A3E0       StrDispose
 0001:0003A0C0       StreamSynLZ
 0001:0003A49C       StreamUnSynLZ
 0001:00023934       StrIComp
 0001:00016A3C       StringCompare
 0001:0001B220       StringListCompareStrings
 0001:00022F58       StringReplaceAll
 0001:00021184       StringToUTF8
 0001:0002116C       StringToUTF8
 0001:00021900       StrInt32
 0001:00021A68       StrInt64
 0001:0000A2C0       StrLCopy
 0001:0000A298       StrLen
 0002:00000D8C       StrLen
 0001:00023A1C       StrLenPas
 0001:000299B0       StrLenSSE2
 0001:000299F0       StrLenSSE42
 0001:00023994       StrLenW
 0001:000298B4       StrLenX86
 0001:0000A7F0       StrLFmt
 0001:0000A2F4       StrLIComp
 0001:0000A2B0       StrMove
 0001:0000A3B4       StrNew
 0001:0000E2A0       StrNextChar
 0001:0000A34C       StrPos
 0001:00023044       StrPosI
 0001:0000A338       StrScan
 0001:00058F8C       strSpecialChars
 0002:00000D84       strspn
 0001:00023B2C       strspnpas
 0001:00023C3C       strspnsse42
 0001:00027998       StrToCurr64
 0001:00027B94       StrToCurrency
 0001:0000B3AC       StrToFloat
 0001:00009A5C       StrToInt
 0001:00009A98       StrToIntDef
 0001:00021978       StrUInt32
 0001:000219D0       StrUInt64
 0001:00057630       StrUtils
 0002:00003678       SuppressMessageBoxes
 0001:00005EFC       SwitchToThread
 0001:00026688       SymmetricEncrypt
 0002:00001108       SynAnsiConvertList
 0002:00005A70       SyncEvent
 0002:00000D2C       SyncList
 0001:0001CC0C       SyncObjs
 0001:0003B5B8       SynCommons
 0002:00009830       SynCompressAlgos
 0001:00054EE4       SynDB
 0002:00001B20       SynDBLog
 0001:0005642C       SynDBSQLite3
 0001:000410F4       SynLog
 0001:0003D788       SynLogException
 0002:000016AC       SynLogFamily
 0002:000016B0       SynLogFileList
 0001:0001D19C       SynLZ
 0001:0001CC3C       SynLZcompress1
 0001:0001CC14       SynLZcompressdestlen
 0001:0001CE2C       SynLZdecompress1
 0001:0001D0F8       SynLZdecompress1partial
 0001:0001CFC8       SynLZdecompress1partialsub
 0001:0001CC20       SynLZdecompressdestlen
 0001:0002E274       SynRegisterCustomVariantType
 0001:0003E38C       SynRtlUnwind
 0001:00046130       SynSQLite3
 0002:00001980       SynSQLite3Log
 0001:000461B4       SynTable
 0002:00001440       SynVariantTypes
 0001:000003C0       SysAllocStringLen
 0001:00008944       SysConst
 0001:0000CE74       SysErrorMessage
 0001:00001364       SysFreeMem
 0001:000003D0       SysFreeString
 0001:000011D4       SysGetMem
 0001:00005C0C       SysInit
 0002:00005960       SysLocale
 0001:000016E4       SysReallocMem
 0001:000003C8       SysReAllocStringLen
 0001:00005A00       System
 0001:0002970C       SystemFillCharAddress
 0002:00008EA8       SystemInfo
 0001:0000B870       SystemTimeToDateTime
 0001:00005F04       SystemTimeToTzSpecificLocalTime
 0001:0000F8F8       SysUtils
 0001:0003A89C       TAlgoCompress.Algo
 0001:0003A8E4       TAlgoCompress.AlgoHash
 0001:0003A79C       TAlgoCompress.Create
 0001:0003A8FC       TAlgoSynLZ.AlgoCompress
 0001:0003A910       TAlgoSynLZ.AlgoCompressDestLen
 0001:0003A918       TAlgoSynLZ.AlgoDecompress
 0001:0003A92C       TAlgoSynLZ.AlgoDecompressDestLen
 0001:0003A934       TAlgoSynLZ.AlgoDecompressPartial
 0001:0003A8F8       TAlgoSynLZ.AlgoID
 0002:00001984       TBTOKENS
 0001:00019B5C       TCollection.Add
 0001:00019ED4       TCollection.Added
 0001:00019B7C       TCollection.Assign
 0001:00019C14       TCollection.BeginUpdate
 0001:00019C18       TCollection.Changed
 0001:00019C28       TCollection.Clear
 0001:00019ED8       TCollection.Deleting
 0001:00019B10       TCollection.Destroy
 0001:00019C90       TCollection.EndUpdate
 0001:00019CA0       TCollection.GetAttr
 0001:00019C9C       TCollection.GetAttrCount
 0001:00019CCC       TCollection.GetCount
 0001:00019CD4       TCollection.GetItem
 0001:00019CAC       TCollection.GetItemAttr
 0001:00019CE8       TCollection.GetNamePath
 0001:00019DB0       TCollection.GetPropName
 0001:00019EDC       TCollection.Notify
 0001:00019ECC       TCollection.SetItemName
 0001:00019ED0       TCollection.Update
 0001:0001B794       TCustomMemoryStream.Read
 0001:0001B7CC       TCustomMemoryStream.Seek
 0001:0001B78C       TCustomMemoryStream.SetPointer
 0001:00017688       TCustomVariantType.BinaryOp
 0001:00017694       TCustomVariantType.Cast
 0001:000176CC       TCustomVariantType.CastTo
 0001:00017758       TCustomVariantType.CastToOle
 0001:00017714       TCustomVariantType.Compare
 0001:00017720       TCustomVariantType.CompareOp
 0001:00017794       TCustomVariantType.Create
 0001:000177D8       TCustomVariantType.Create
 0001:00017A60       TCustomVariantType.Destroy
 0001:00017BB0       TCustomVariantType.DispInvoke
 0001:00017AEC       TCustomVariantType.IsClear
 0001:00017AF0       TCustomVariantType.LeftPromotion
 0001:00017B04       TCustomVariantType.OlePromotion
 0001:00017BD4       TCustomVariantType.QueryInterface
 0001:00017B0C       TCustomVariantType.RaiseCastError
 0001:00017B1C       TCustomVariantType.RaiseDispError
 0001:00017B14       TCustomVariantType.RaiseInvalidOp
 0001:00017B24       TCustomVariantType.RightPromotion
 0001:00017B38       TCustomVariantType.SimplisticCopy
 0001:00017B70       TCustomVariantType.UnaryOp
 0001:00017B94       TCustomVariantType.VarDataCastTo
 0001:00017B80       TCustomVariantType.VarDataClear
 0001:00017B88       TCustomVariantType.VarDataCopyNoInd
 0001:00017B78       TCustomVariantType.VarDataInit
 0001:00017BA8       TCustomVariantType.VarDataIsByRef
 0001:00017BBC       TCustomVariantType._AddRef
 0001:00017BC8       TCustomVariantType._Release
 0001:0002F928       TDocVariant.Cast
 0001:0002F944       TDocVariant.CastTo
 0001:0002F814       TDocVariant.Clear
 0001:0002FA14       TDocVariant.Compare
 0001:0002F838       TDocVariant.Copy
 0001:0002F894       TDocVariant.CopyByValue
 0001:0002F03C       TDocVariant.Destroy
 0001:0002F2E0       TDocVariant.DoFunction
 0001:0002EFF4       TDocVariant.InternNames
 0001:0002F018       TDocVariant.InternValues
 0001:0002F0FC       TDocVariant.IntGet
 0001:0002F190       TDocVariant.IntSet
 0001:0002F28C       TDocVariant.Iterate
 0001:0002F27C       TDocVariant.IterateCount
 0001:0002F600       TDocVariant.ToJSON
 0001:0002E8D4       TDocVariantData.Delete
 0001:0002EB64       TDocVariantData.GetAsPVariant
 0001:0002E2DC       TDocVariantData.GetKind
 0001:0002EC14       TDocVariantData.GetPVariantByPath
 0001:0002E970       TDocVariantData.GetValueIndex
 0001:0002EAFC       TDocVariantData.GetValueIndex
 0001:0002EBB8       TDocVariantData.GetVarData
 0001:0002EB8C       TDocVariantData.GetVarData
 0001:0002E2F4       TDocVariantData.Init
 0001:0002E678       TDocVariantData.InitJSON
 0001:0002E3AC       TDocVariantData.InitJSONInPlace
 0001:0002E33C       TDocVariantData.InitObjectFromVariants
 0001:0002E708       TDocVariantData.InternalAdd
 0001:0002ECEC       TDocVariantData.RetrieveNameOrRaiseException
 0001:0002EE48       TDocVariantData.RetrieveValueOrRaiseException
 0001:0002ED80       TDocVariantData.RetrieveValueOrRaiseException
 0001:0002EED8       TDocVariantData.ToJSON
 0001:000300F4       TDynArray.Add
 0001:00030130       TDynArray.Clear
 0001:00030138       TDynArray.Delete
 0001:00031390       TDynArray.ElemCopy
 0001:000301EC       TDynArray.ElemCopyFrom
 0001:00030CCC       TDynArray.ElemEquals
 0001:00030DF0       TDynArray.Equals
 0001:00030BD4       TDynArray.Find
 0001:000305F4       TDynArray.GetArrayTypeName
 0001:0003134C       TDynArray.GetCapacity
 0001:0003021C       TDynArray.GetCount
 0001:00031070       TDynArray.GetIsObjArray
 0001:00031040       TDynArray.HasCustomJSONParser
 0001:00030F70       TDynArray.Init
 0001:000310B0       TDynArray.InternalSetLength
 0001:00030A14       TDynArray.LoadFrom
 0001:00030240       TDynArray.SaveTo
 0001:000304D8       TDynArray.SaveTo
 0001:00030548       TDynArray.SaveToJSON
 0001:000303A8       TDynArray.SaveToLength
 0001:00031364       TDynArray.SetCapacity
 0001:0003137C       TDynArray.SetCompare
 0001:000312BC       TDynArray.SetCount
 0001:00030600       TDynArray.ToKnownType
 0001:0003141C       TDynArrayHashed.FindHashed
 0001:00031680       TDynArrayHashed.FindHashedAndUpdate
 0001:000315AC       TDynArrayHashed.FindHashedForAdding
 0001:0003149C       TDynArrayHashed.HashAdd
 0001:00031E24       TDynArrayHashed.HashFind
 0001:00031F14       TDynArrayHashed.HashFindAndCompare
 0001:00031E0C       TDynArrayHashed.HashInvalidate
 0001:00031D50       TDynArrayHashed.Init
 0001:00031C78       TDynArrayHashed.InitSpecific
 0001:00032034       TDynArrayHashed.RaiseFatalCollision
 0001:00032140       TDynArrayHashed.ReHash
 0001:000313B4       TDynArrayHashed.Scan
 0002:00000078       Ten
 0002:0000133C       Ten
 0002:00000068       tenE17
 0002:00000070       tenE18
 0002:00000A50       TerminateProcList
 0002:00003046       Test8086
 0001:0003AFC4       TestIntelCpuFeatures
 0002:00001508       TextAttr
 0001:0000200C       TextClose
 0001:000379B4       TextColor
 0001:00001F80       TextIn
 0001:0000202C       TextOpen
 0001:00001FC0       TextOut
 0001:0000B234       TextToFloat
 0001:0000B120       TextToFloat
 0001:000276AC       TextToGUID
 0001:0002DF10       TextToVariantNumberType
 0001:0002DE6C       TextToVariantNumberTypeNoDouble
 0001:0003AB40       TFakeWriterStream.Read
 0001:0003AB48       TFakeWriterStream.Seek
 0001:0003AB44       TFakeWriterStream.Write
 0001:00039BB4       TFileBufferReader.CurrentMemory
 0001:00039A54       TFileBufferReader.ErrorInvalidContent
 0001:00039A98       TFileBufferReader.OpenFrom
 0001:00039AA8       TFileBufferReader.Read
 0001:00039B14       TFileBufferReader.Read
 0001:00039C30       TFileBufferReader.ReadByte
 0001:00039B5C       TFileBufferReader.ReadChunk
 0001:00039BD4       TFileBufferReader.ReadPointer
 0001:00039C78       TFileBufferReader.ReadVarUInt32
 0001:00039D48       TFileBufferReader.ReadVarUInt32Array
 0001:00039F7C       TFileBufferReader.Seek
 0001:00039208       TFileBufferWriter.CancelAll
 0001:00039124       TFileBufferWriter.Create
 0001:0003918C       TFileBufferWriter.Destroy
 0001:000391C0       TFileBufferWriter.Flush
 0001:000392F4       TFileBufferWriter.Write
 0001:0003924C       TFileBufferWriter.Write
 0001:000392B8       TFileBufferWriter.Write1
 0001:000399E0       TFileBufferWriter.WriteDirectEnd
 0001:000398B8       TFileBufferWriter.WriteDirectStart
 0001:00039378       TFileBufferWriter.WriteVarInt64
 0001:00039320       TFileBufferWriter.WriteVarUInt32
 0001:00039514       TFileBufferWriter.WriteVarUInt32Array
 0001:00039528       TFileBufferWriter.WriteVarUInt32Values
 0001:0001B5C0       TFileStream.Create
 0001:0001B604       TFileStream.Create
 0001:0001B758       TFileStream.Destroy
 0001:0002800C       TFileVersion.Create
 0001:00028470       TFileVersion.SetVersion
 0001:0002845C       TFileVersion.Version32
 0001:0001B4FC       THandleStream.Create
 0001:0001B538       THandleStream.Read
 0001:0001B558       THandleStream.Seek
 0001:0001B598       THandleStream.SetSize
 0001:0001B584       THandleStream.SetSize
 0001:0001B548       THandleStream.Write
 0001:00028984       THeapMemoryStream.Realloc
 0002:000058A6       ThousandSeparator
 0002:00005A88       ThreadLock
 0001:0000B908       Time
 0002:000058B8       TimeAMString
 0001:00026AB8       TimeLogToDateTime
 0002:000058BC       TimePMString
 0002:000058B4       TimeSeparator
 0001:00026CD8       TimeToIso8601
 0001:00026B20       TimeToIso8601PChar
 0001:00026BCC       TimeToIso8601PChar
 0001:0000549C       TInterfacedObject.AfterConstruction
 0001:000054A8       TInterfacedObject.BeforeDestruction
 0001:000054B8       TInterfacedObject.NewInstance
 0001:000054C8       TInterfacedObject.QueryInterface
 0001:000054F0       TInterfacedObject._AddRef
 0001:00005504       TInterfacedObject._Release
 0001:00017F10       TInvokeableVariantType.DispInvoke
 0001:000181D4       TInvokeableVariantType.DoFunction
 0001:000181E0       TInvokeableVariantType.DoProcedure
 0001:00017BFC       TInvokeableVariantType.FixupIdent
 0001:000181BC       TInvokeableVariantType.GetProperty
 0001:000181C8       TInvokeableVariantType.SetProperty
 0001:0002A308       TJSONCustomParserCustom.Create
 0001:0002A350       TJSONCustomParserCustom.FinalizeItem
 0001:0002AB38       TJSONCustomParserCustomRecord.Create
 0001:0002ACA0       TJSONCustomParserCustomRecord.CustomReader
 0001:0002AC84       TJSONCustomParserCustomRecord.CustomWriter
 0001:0002ACEC       TJSONCustomParserCustomRecord.FinalizeItem
 0001:0002ABAC       TJSONCustomParserCustomRecord.GetJSONCustomParserRegistration
 0001:0002A354       TJSONCustomParserCustomSimple.Create
 0001:0002A648       TJSONCustomParserCustomSimple.CreateBinary
 0001:0002A590       TJSONCustomParserCustomSimple.CreateFixedArray
 0001:0002A894       TJSONCustomParserCustomSimple.CustomReader
 0001:0002A734       TJSONCustomParserCustomSimple.CustomWriter
 0001:0002A704       TJSONCustomParserCustomSimple.Destroy
 0001:0002B67C       TJSONCustomParserRTTI.AllocateNestedArray
 0001:0002B4EC       TJSONCustomParserRTTI.ComputeDataSizeAfterAdd
 0001:0002B390       TJSONCustomParserRTTI.ComputeFullPropertyName
 0001:0002B3EC       TJSONCustomParserRTTI.ComputeNestedDataSize
 0001:0002AEAC       TJSONCustomParserRTTI.Create
 0001:0002B194       TJSONCustomParserRTTI.CreateFromRTTI
 0001:0002B31C       TJSONCustomParserRTTI.CreateFromTypeName
 0001:0002B63C       TJSONCustomParserRTTI.FinalizeNestedArray
 0001:0002B550       TJSONCustomParserRTTI.FinalizeNestedRecord
 0001:0002C068       TJSONCustomParserRTTI.IfDefaultSkipped
 0001:0002BD04       TJSONCustomParserRTTI.ReadOneLevel
 0001:0002B6B8       TJSONCustomParserRTTI.ReAllocateNestedArray
 0001:0002B094       TJSONCustomParserRTTI.TypeInfoToSimpleRTTIType
 0001:0002B060       TJSONCustomParserRTTI.TypeNameToSimpleRTTIType
 0001:0002C480       TJSONCustomParserRTTI.WriteOneLevel
 0001:0002C154       TJSONCustomParserRTTI.WriteOneSimpleValue
 0001:00029B98       TJSONCustomParsers.Create
 0001:00029D70       TJSONCustomParsers.DynArraySearch
 0001:00029F0C       TJSONCustomParsers.RecordSearch
 0001:00029E54       TJSONCustomParsers.RecordSearch
 0001:00029EC0       TJSONCustomParsers.RecordSearch
 0001:0002A218       TJSONCustomParsers.RegisterFromText
 0001:00029F74       TJSONCustomParsers.Search
 0001:00029BEC       TJSONCustomParsers.TryToGetFromRTTI
 0001:0002A130       TJSONCustomParsers.VariantSearch
 0001:0002A164       TJSONCustomParsers.VariantWrite
 0001:0002C5CC       TJSONRecordAbstract.AddItem
 0001:0002C590       TJSONRecordAbstract.Create
 0001:0002C688       TJSONRecordAbstract.CustomReader
 0001:0002C6E4       TJSONRecordAbstract.CustomWriter
 0001:0002C708       TJSONRecordAbstract.Destroy
 0001:0002CDF4       TJSONRecordRTTI.Create
 0001:0002C7A8       TJSONRecordTextDefinition.Create
 0001:0002C738       TJSONRecordTextDefinition.FromCache
 0001:0002CA18       TJSONRecordTextDefinition.Parse
 0001:00035A4C       TJSONWriter.AddColumns
 0001:000359DC       TJSONWriter.Create
 0001:00035BB8       TJSONWriter.EndJSONObject
 0001:00019440       TList.Add
 0001:00019474       TList.Clear
 0001:0001948C       TList.Delete
 0001:00019420       TList.Destroy
 0001:00019528       TList.Error
 0001:000194F0       TList.Error
 0001:0001957C       TList.Exchange
 0001:000195CC       TList.Get
 0001:000195F4       TList.Grow
 0001:00019628       TList.IndexOf
 0001:00019648       TList.Last
 0001:00019750       TList.Notify
 0001:00019654       TList.Put
 0001:000196A4       TList.SetCapacity
 0001:000196E0       TList.SetCount
 0001:00059934       TlkHashTable.AddPair
 0001:00059CCC       TlkHashTable.Create
 0001:00059A44       TlkHashTable.DefaultHashOf
 0001:00059D2C       TlkHashTable.Destroy
 0001:00059ABC       TlkHashTable.IndexOf
 0001:00059B00       TlkHashTable.InTable
 0001:00059CB8       TlkHashTable.SetHashFunction
 0001:000597D4       TlkJSON.ParseText
 0001:00057E00       TlkJSONbase.GetChild
 0001:00057E04       TlkJSONbase.GetCount
 0001:00057E08       TlkJSONbase.GetField
 0001:00057E38       TlkJSONbase.GetValue
 0001:00057E44       TlkJSONbase.SelfType
 0001:00057E48       TlkJSONbase.SelfTypeName
 0001:00057E6C       TlkJSONbase.SetChild
 0001:00057E70       TlkJSONbase.SetValue
 0001:00057FCC       TlkJSONboolean.AfterConstruction
 0001:00057FD4       TlkJSONboolean.GetValue
 0001:00057FE8       TlkJSONboolean.SelfType
 0001:00057FEC       TlkJSONboolean.SelfTypeName
 0001:00058014       TlkJSONboolean.SetValue
 0001:00058070       TlkJSONcustomlist.AfterConstruction
 0001:0005808C       TlkJSONcustomlist.BeforeDestruction
 0001:00058234       TlkJSONcustomlist.ForEachElement
 0001:0005848C       TlkJSONcustomlist.getBoolean
 0001:00058130       TlkJSONcustomlist.GetChild
 0001:00058158       TlkJSONcustomlist.GetCount
 0001:00058294       TlkJSONcustomlist.getDouble
 0001:000581B4       TlkJSONcustomlist.GetField
 0001:00058314       TlkJSONcustomlist.getInt
 0001:00058394       TlkJSONcustomlist.getString
 0001:00058410       TlkJSONcustomlist.getWideString
 0001:0005816C       TlkJSONcustomlist.SetChild
 0001:0005805C       TlkJSONcustomlist._Add
 0001:000580C0       TlkJSONcustomlist._Delete
 0001:00058160       TlkJSONcustomlist._IndexOf
 0001:00058544       TlkJSONlist.SelfType
 0001:00058548       TlkJSONlist.SelfTypeName
 0001:00058028       TlkJSONnull.GetValue
 0001:00058034       TlkJSONnull.SelfType
 0001:00058038       TlkJSONnull.SelfTypeName
 0001:00057E74       TlkJSONnumber.AfterConstruction
 0001:00057E8C       TlkJSONnumber.GetValue
 0001:00057EA0       TlkJSONnumber.SelfType
 0001:00057EA4       TlkJSONnumber.SelfTypeName
 0001:00057ECC       TlkJSONnumber.SetValue
 0001:00058810       TlkJSONobject.Create
 0001:0005886C       TlkJSONobject.Destroy
 0001:0005871C       TlkJSONobject.ForEachElement
 0001:00058A98       TlkJSONobject.getBoolean
 0001:000588A0       TlkJSONobject.getDouble
 0001:00058780       TlkJSONobject.GetField
 0001:0005866C       TlkJSONobject.GetFieldByIndex
 0001:00058920       TlkJSONobject.getInt
 0001:000586D4       TlkJSONobject.GetNameOf
 0001:000589A0       TlkJSONobject.getString
 0001:00058A1C       TlkJSONobject.getWideString
 0001:000585D4       TlkJSONobject.IndexOfName
 0001:0005856C       TlkJSONobject.OldGetField
 0001:00058640       TlkJSONobject.SelfType
 0001:00058644       TlkJSONobject.SelfTypeName
 0001:00058500       TlkJSONobjectmethod.AfterConstruction
 0001:0005851C       TlkJSONobjectmethod.BeforeDestruction
 0001:00059D94       TlkJSONstreamed.LoadFromFile
 0001:00059E40       TlkJSONstreamed.LoadFromStream
 0001:00057F28       TlkJSONstring.AfterConstruction
 0001:00057F3C       TlkJSONstring.GetValue
 0001:00057F50       TlkJSONstring.SelfType
 0001:00057F54       TlkJSONstring.SelfTypeName
 0001:00057F7C       TlkJSONstring.SetValue
 0002:00003668       tlsBuffer
 0001:00005AE4       TlsGetValue
 0002:000000CC       TlsIndex
 0002:FFBA3050       TlsLast
 0001:00005AEC       TlsSetValue
 0001:00038E74       TMemoryMap.Map
[...]
   668 0001:00055C02   669 0001:00055C30   670 0001:00055C34   671 0001:00055C38
   672 0001:00055C3C   673 0001:00055C40   674 0001:00055C44   676 0001:00055C46
   677 0001:00055C4A   678 0001:00055C6D   681 0001:00055C74   682 0001:00055C7D
   683 0001:00055C89   686 0001:00055C90   687 0001:00055CAB   688 0001:00055CBC
   689 0001:00055CE6   690 0001:00055CF1   691 0001:00055D03   692 0001:00055D1E
   695 0001:00055D3C   696 0001:00055D4D   697 0001:00055D5B   699 0001:00055D73
   701 0001:00055D97   707 0001:00055D9C   708 0001:00055DC7   709 0001:00055DCF
   710 0001:00055DD8   711 0001:00055DE3   712 0001:00055DF2   713 0001:00055DFF
   714 0001:00055E0E   717 0001:00055E1D   718 0001:00055E29   719 0001:00055E32
   720 0001:00055E70   721 0001:00055E7E   722 0001:00055E87   724 0001:00055E8F
   725 0001:00055E9F   726 0001:00055EA8   727 0001:00055EF6   729 0001:00055F22
   730 0001:00055F24   731 0001:00055F2D   733 0001:00055F9D   736 0001:00055FD7
   740 0001:00056020   741 0001:00056023   744 0001:00056024   745 0001:0005604A
   746 0001:0005604B   747 0001:00056056   748 0001:0005605F   749 0001:0005606B
   750 0001:00056081   751 0001:0005608E   752 0001:0005609C   754 0001:000560CF
   759 0001:000560D8   760 0001:000560FA   761 0001:00056100   762 0001:00056108
   763 0001:00056113   764 0001:00056126   765 0001:0005612C   766 0001:00056132
   767 0001:0005613F   768 0001:00056156   770 0001:00056174   771 0001:00056190
   773 0001:000561FB   776 0001:00056228   777 0001:0005622B   778 0001:00056232
   779 0001:0005623A   781 0001:0005623F   784 0001:00056244   785 0001:00056263
   786 0001:00056267   787 0001:00056270   788 0001:00056296   791 0001:0005629E
   792 0001:000562AC   794 0001:000562DB   795 0001:000562DD   796 0001:000562E6
   799 0001:00056344   802 0001:0005634E   803 0001:00056352   804 0001:00056358
   806 0001:00056360   807 0001:00056387   809 0001:0005642C   810 0001:00056435
   811 0001:0005643F

Line numbers for JwaWinDLLNames(JwaWinDLLNames.pas) segment .text

   172 0001:00056470   172 0001:00056477

Line numbers for JwaWinNT(JwaWinNT.pas) segment .text

  9740 0001:000564A8  9740 0001:000564AF

Line numbers for JwaWinType(JwaWinType.pas) segment .text

  1929 0001:000564E0  1929 0001:000564E7

Line numbers for JwaNtStatus(JwaNtStatus.pas) segment .text

 10606 0001:00056518 10606 0001:0005651F

Line numbers for JwaWinBase(JwaWinBase.pas) segment .text

 20356 0001:00056550 20356 0001:00056557

Line numbers for JwaWinCrypt(JwaWinCrypt.pas) segment .text

 19886 0001:00056558 19911 0001:00056590 19911 0001:00056597

Line numbers for JwaBCrypt(jwabcrypt.pas) segment .text

  1241 0001:00056598  1245 0001:000565A0  1248 0001:000565A8  1251 0001:000565B0
  1935 0001:000565E8  1935 0001:000565EF

Line numbers for utils(utils.pas) segment .text

    97 0001:00056614    99 0001:0005663D   100 0001:0005664B   101 0001:00056654
   102 0001:0005666F   104 0001:000566B3   107 0001:00056703   349 0001:0005671C
   350 0001:0005674A   351 0001:00056756   352 0001:00056780   353 0001:0005678E
   355 0001:00056794   357 0001:000567B2   360 0001:000567DF   362 0001:000567E5
   364 0001:00056805   366 0001:00056818   368 0001:0005682F   364 0001:00056830
   372 0001:00056850   374 0001:0005689B   391 0001:000568F4   392 0001:0005692D
   393 0001:00056939   394 0001:00056960   395 0001:00056964   397 0001:00056972
   398 0001:00056999   400 0001:000569BF   402 0001:00056A02   407 0001:00056A60
   408 0001:00056A7C   409 0001:00056A93   410 0001:00056A9D   411 0001:00056AA9
   412 0001:00056AE0   419 0001:00056AE8   420 0001:00056B21   421 0001:00056B2D
   422 0001:00056B52   425 0001:00056B60   426 0001:00056B8E   428 0001:00056BB4
   430 0001:00056BF7   456 0001:00056C54   457 0001:00056C7E   458 0001:00056C8A
   459 0001:00056CB4   460 0001:00056CC2   463 0001:00056CC6   466 0001:00056CED
   467 0001:00056D00   469 0001:00056D2C   464 0001:00056D30   472 0001:00056D5A
   474 0001:00056DAA   530 0001:00056E54   530 0001:00056E5B

Line numbers for ucryptoapi(ucryptoapi.pas) segment .text

  1015 0001:00056F0C  1018 0001:00056F46  1019 0001:00056F55  1021 0001:00056F64
  1023 0001:00056F68  1024 0001:00056F6B  1025 0001:00056F75  1028 0001:00056F7A
  1031 0001:00056F7C  1034 0001:00056F82  1035 0001:00056F8F  1045 0001:00056FB7
  1047 0001:00056FBC  1048 0001:00056FD8  1050 0001:00056FF8  1051 0001:00057021
  1053 0001:00057026  1054 0001:0005703F  1056 0001:0005704C  1059 0001:000570AD
  1181 0001:00057118  1182 0001:0005715A  1183 0001:00057166  1193 0001:0005716B
  1195 0001:0005717B  1197 0001:00057190  1199 0001:000571AF  1202 0001:000571D4
  1204 0001:000571F3  1208 0001:00057218  1209 0001:0005725A  1210 0001:00057278
  1213 0001:000572BA  1215 0001:000572CC  1216 0001:000572DE  1217 0001:000572E8
  1218 0001:000572F2  1219 0001:000572FB  1220 0001:00057305  1221 0001:00057316
  1225 0001:00057320  1226 0001:00057350  1227 0001:00057385  1229 0001:000573C4
  1231 0001:000573FB  1232 0001:00057409  1235 0001:00057441  2216 0001:000575EC
  2216 0001:000575FF

Line numbers for uLkJSON(uLkJSON.pas) segment .text

   588 0001:00057C2C   589 0001:00057C35   590 0001:00057C4B   591 0001:00057C53
   592 0001:00057CA5   593 0001:00057CB1   595 0001:00057D37   596 0001:00057D43
   599 0001:00057DF8   605 0001:00057E00   606 0001:00057E02   610 0001:00057E04
   611 0001:00057E06   614 0001:00057E08   615 0001:00057E1C   616 0001:00057E33
   619 0001:00057E38   620 0001:00057E3B   621 0001:00057E42   625 0001:00057E44
   626 0001:00057E46   629 0001:00057E48   630 0001:00057E4B   631 0001:00057E57
   637 0001:00057E6C   642 0001:00057E70   647 0001:00057E74   648 0001:00057E77
   649 0001:00057E7E   650 0001:00057E8A   660 0001:00057E8C   661 0001:00057E92
   662 0001:00057E9C   666 0001:00057EA0   667 0001:00057EA2   670 0001:00057EA4
   671 0001:00057EA7   672 0001:00057EB3   675 0001:00057ECC   676 0001:00057EE9
   677 0001:00057F20   682 0001:00057F28   683 0001:00057F2B   684 0001:00057F32
   685 0001:00057F3A   695 0001:00057F3C   696 0001:00057F42   697 0001:00057F4C
   701 0001:00057F50   702 0001:00057F52   705 0001:00057F54   706 0001:00057F57
   707 0001:00057F63   710 0001:00057F7C   711 0001:00057F95   712 0001:00057FC7
   718 0001:00057FCC   719 0001:00057FD0   729 0001:00057FD4   730 0001:00057FDA
   731 0001:00057FE4   735 0001:00057FE8   736 0001:00057FEA   739 0001:00057FEC
   740 0001:00057FEF   741 0001:00057FFB   744 0001:00058014   745 0001:0005801A
   746 0001:00058024   756 0001:00058028   757 0001:0005802B   758 0001:00058032
   762 0001:00058034   763 0001:00058036   766 0001:00058038   767 0001:0005803B
   768 0001:00058047   774 0001:0005805C   776 0001:00058060   777 0001:00058063
   779 0001:00058064   780 0001:0005806C   783 0001:00058070   784 0001:00058073
   785 0001:0005807A   786 0001:00058089   791 0001:0005808C   792 0001:00058090
   793 0001:000580AE   794 0001:000580B6   795 0001:000580BD   802 0001:000580C0
   803 0001:000580C8   805 0001:000580D7   806 0001:000580E5   807 0001:000580F4
   808 0001:000580FB   810 0001:000580FF   811 0001:00058113   815 0001:0005811F
   818 0001:00058128   821 0001:00058130   822 0001:00058136   824 0001:00058145
   829 0001:0005814A   831 0001:00058154   835 0001:00058158   836 0001:0005815E
   840 0001:00058160   841 0001:00058168   845 0001:0005816C   846 0001:00058175
   848 0001:00058184   849 0001:00058192   850 0001:000581A1   852 0001:000581AD
   879 0001:000581B4   880 0001:000581DE   882 0001:000581EA   883 0001:000581F2
   887 0001:000581FF   889 0001:0005822A   893 0001:00058234   894 0001:00058250
   895 0001:00058264   896 0001:0005828E   901 0001:00058294   902 0001:000582B3
   903 0001:000582C9   904 0001:000582D7   905 0001:0005830C   910 0001:00058314
   911 0001:00058331   912 0001:00058347   913 0001:0005834F   914 0001:0005838B
   919 0001:00058394   920 0001:000583B6   921 0001:000583CC   922 0001:000583D9
   923 0001:00058409   928 0001:00058410   929 0001:00058432   930 0001:00058448
   931 0001:00058455   932 0001:00058485   937 0001:0005848C   938 0001:000584A9
   939 0001:000584BF   940 0001:000584C7   941 0001:000584F9   946 0001:00058500
   947 0001:00058503   948 0001:0005850A   949 0001:0005850F   950 0001:00058517
   953 0001:0005851C   954 0001:0005851F   955 0001:00058527   957 0001:0005852E
   958 0001:00058533   960 0001:00058538   961 0001:0005853F  1025 0001:00058544
  1026 0001:00058546  1029 0001:00058548  1030 0001:0005854B  1031 0001:00058557
  1092 0001:0005856C  1093 0001:0005858D  1094 0001:00058599  1096 0001:0005859E
  1101 0001:000585A2  1102 0001:000585AC  1104 0001:000585CE  1110 0001:000585D4
  1111 0001:000585E0  1113 0001:000585E6  1114 0001:000585EE  1117 0001:000585FF
  1118 0001:0005860B  1120 0001:00058618  1121 0001:0005861C  1123 0001:0005861E
  1114 0001:0005861F  1127 0001:00058624  1129 0001:00058637  1195 0001:00058640
  1196 0001:00058642  1199 0001:00058644  1200 0001:00058647  1201 0001:00058653
  1206 0001:0005866C  1207 0001:00058685  1208 0001:00058691  1210 0001:0005869D
  1214 0001:000586AB  1216 0001:000586CC  1221 0001:000586D4  1222 0001:000586DD
  1224 0001:000586EC  1228 0001:000586F5  1229 0001:0005870B  1231 0001:00058715
  1247 0001:0005871C  1248 0001:00058738  1249 0001:0005874E  1250 0001:00058778
  1253 0001:00058780  1254 0001:000587AF  1255 0001:000587BB  1257 0001:000587D4
  1258 0001:00058807  1270 0001:00058810  1271 0001:0005882A  1272 0001:00058833
  1274 0001:00058836  1275 0001:00058847  1279 0001:00058863  1282 0001:0005886C
  1283 0001:00058877  1284 0001:00058885  1285 0001:0005889C  1290 0001:000588A0
  1291 0001:000588BF  1292 0001:000588D5  1293 0001:000588E3  1294 0001:00058918
  1299 0001:00058920  1300 0001:0005893D  1301 0001:00058953  1302 0001:0005895B
  1303 0001:00058997  1308 0001:000589A0  1309 0001:000589C2  1310 0001:000589D8
  1311 0001:000589E5  1312 0001:00058A15  1317 0001:00058A1C  1318 0001:00058A3E
  1319 0001:00058A54  1320 0001:00058A61  1321 0001:00058A91  1362 0001:00058A98
  1363 0001:00058AB5  1364 0001:00058ACB  1365 0001:00058AD3  1366 0001:00058B05
  1642 0001:00058B0C  1643 0001:00058B12  1644 0001:00058B22  1649 0001:00058B28
  1651 0001:00058B30  1650 0001:00058B32  1652 0001:00058B52  1657 0001:00058B58
  1658 0001:00058B5E  1660 0001:00058B63  1664 0001:00058B6A  1666 0001:00058B7B
  1668 0001:00058B84  1670 0001:00058B95  1672 0001:00058BA0  1674 0001:00058BB1
  1675 0001:00058BBA  1677 0001:00058BC2  1683 0001:00058BD2  1689 0001:00058BD8
  1690 0001:00058BFE  1691 0001:00058C0B  1693 0001:00058C31  1694 0001:00058C33
  1695 0001:00058C3B  1696 0001:00058C4A  1697 0001:00058C51  1699 0001:00058C5D
  1701 0001:00058C83  1702 0001:00058C85  1703 0001:00058C8D  1704 0001:00058C9C
  1705 0001:00058CA3  1709 0001:00058CAF  1711 0001:00058CD5  1717 0001:00058CFC
  1718 0001:00058D1F  1719 0001:00058D2C  1721 0001:00058D52  1722 0001:00058D54
  1723 0001:00058D5C  1724 0001:00058D6B  1728 0001:00058D77  1730 0001:00058D98
  1733 0001:00058DB0  1734 0001:00058DBA  1737 0001:00058DBE  1738 0001:00058DC0
  1735 0001:00058DC1  1740 0001:00058DE1  1741 0001:00058DE9  1751 0001:00058DF0
  1752 0001:00058E17  1753 0001:00058E23  1754 0001:00058E31  1755 0001:00058E39
  1757 0001:00058E4D  1758 0001:00058E4F  1760 0001:00058E5D  1761 0001:00058E65
  1762 0001:00058E75  1763 0001:00058E7D  1765 0001:00058E9C  1766 0001:00058E9E
  1767 0001:00058EAE  1769 0001:00058EB6  1771 0001:00058EDA  1772 0001:00058EDC
  1773 0001:00058F02  1774 0001:00058F12  1776 0001:00058F16  1777 0001:00058F1A
  1778 0001:00058F29  1780 0001:00058F3E  1787 0001:00058F56  1788 0001:00058F61
  1789 0001:00058F84  1800 0001:00058F8C  1801 0001:00058FAA  1802 0001:00058FB8
  1803 0001:00058FBC  1806 0001:00058FCA  1809 0001:00058FDA  1811 0001:00058FE5
  1812 0001:00058FE6  1813 0001:00059043  1814 0001:00059054  1815 0001:00059065
  1816 0001:00059076  1817 0001:00059087  1818 0001:00059098  1819 0001:000590A9
  1820 0001:000590B7  1821 0001:000590C5  1824 0001:000590D3  1825 0001:00059110
  1830 0001:00059115  1831 0001:0005912B  1832 0001:0005912C  1834 0001:00059165
  1841 0001:000591E4  1842 0001:0005920C  1844 0001:00059219  1845 0001:00059243
  1847 0001:0005924D  1848 0001:00059250  1850 0001:00059253  1852 0001:00059257
  1853 0001:00059259  1856 0001:0005925D  1857 0001:00059270  1858 0001:00059283
  1854 0001:00059284  1861 0001:00059297  1863 0001:0005929B  1864 0001:0005929F
  1867 0001:000592A1  1869 0001:000592A9  1870 0001:000592C0  1871 0001:000592C3
  1876 0001:000592C9  1878 0001:000592CC  1880 0001:000592D2  1881 0001:000592E8
  1883 0001:000592EB  1887 0001:000592FA  1889 0001:00059308  1890 0001:00059313
  1891 0001:00059340  1897 0001:00059348  1898 0001:0005935E  1899 0001:00059362
  1900 0001:00059370  1901 0001:0005937F  1902 0001:0005938C  1903 0001:0005939C
  1904 0001:000593AC  1905 0001:000593BA  1906 0001:000593CA  1909 0001:000593CF
  1910 0001:000593DC  1907 0001:000593FC  1912 0001:00059413  1913 0001:00059420
  1914 0001:00059446  1915 0001:00059453  1917 0001:00059463  1919 0001:00059469
  1923 0001:00059473  1924 0001:0005947E  1927 0001:00059491  1934 0001:00059498
  1935 0001:000594A7  1936 0001:000594AB  1937 0001:000594B9  1938 0001:000594BE
  1939 0001:000594CD  1940 0001:000594DA  1941 0001:000594EA  1942 0001:000594FA
  1943 0001:00059510  1944 0001:00059520  1945 0001:0005952D  1946 0001:00059557
  1947 0001:00059564  1948 0001:00059567  1949 0001:00059578  1951 0001:0005959B
  1952 0001:000595A9  1954 0001:000595AF  1955 0001:000595BA  1959 0001:000595C4
  1962 0001:000595D7  1968 0001:000595DC  1969 0001:000595F2  1970 0001:000595F6
  1971 0001:00059604  1972 0001:00059615  1973 0001:00059622  1974 0001:00059632
  1975 0001:00059642  1976 0001:00059650  1977 0001:00059660  1980 0001:00059665
  1981 0001:00059672  1978 0001:00059692  1983 0001:000596A9  1984 0001:000596B6
  1985 0001:000596DC  1986 0001:000596E9  1988 0001:000596F9  1990 0001:000596FF
  1994 0001:00059709  1995 0001:00059714  1998 0001:00059727  2002 0001:0005972C
  2003 0001:00059739  2004 0001:00059746  2005 0001:00059758  2006 0001:0005976E
  2007 0001:00059784  2008 0001:0005979A  2009 0001:000597B0  2010 0001:000597C6
  2011 0001:000597CF  2015 0001:000597D4  2017 0001:0005980A  2018 0001:0005981A
  2021 0001:00059821  2022 0001:00059829  2023 0001:00059833  2024 0001:00059841
  2026 0001:0005984B  2028 0001:00059877  2030 0001:0005987E  2032 0001:00059898
  2034 0001:000598CF  2036 0001:0005991F  2054 0001:00059934  2055 0001:00059957
  2056 0001:00059959  2059 0001:00059971  2061 0001:0005999A  2062 0001:000599AF
  2065 0001:000599B1  2067 0001:000599B5  2068 0001:000599C1  2069 0001:000599D2
  2070 0001:000599D7  2073 0001:000599DF  2074 0001:000599F2  2071 0001:000599F5
  2077 0001:00059A3D  2166 0001:00059A44  2167 0001:00059A4B  2168 0001:00059A50
  2169 0001:00059A52  2170 0001:00059A57  2173 0001:00059A60  2174 0001:00059A62
  2175 0001:00059A6D  2176 0001:00059A77  2177 0001:00059A81  2178 0001:00059AA6
  2171 0001:00059AA9  2180 0001:00059AB4  2196 0001:00059ABC  2197 0001:00059AC5
  2199 0001:00059AE0  2204 0001:00059AE5  2206 0001:00059AF9  2215 0001:00059B00
  2216 0001:00059B2A  2217 0001:00059B38  2218 0001:00059B44  2220 0001:00059B48
  2222 0001:00059B5A  2223 0001:00059B5F  2225 0001:00059B62  2226 0001:00059B66
  2228 0001:00059B7D  2229 0001:00059B82  2231 0001:00059B88  2233 0001:00059B9F
  2234 0001:00059BA4  2236 0001:00059BAA  2238 0001:00059BB3  2239 0001:00059BB7
  2240 0001:00059BC2  2242 0001:00059BD9  2246 0001:00059BE1  2249 0001:00059BE7
  2253 0001:00059BF1  2255 0001:00059BFD  2257 0001:00059C27  2258 0001:00059C2B
  2260 0001:00059C53  2262 0001:00059C77  2263 0001:00059C79  2267 0001:00059C7F
  2272 0001:00059C85  2274 0001:00059C89  2276 0001:00059CAF  2296 0001:00059CB8
  2297 0001:00059CBB  2298 0001:00059CC7  2303 0001:00059CCC  2304 0001:00059CDF
  2306 0001:00059CE8  2307 0001:00059D03  2308 0001:00059D27  2313 0001:00059D2C
  2315 0001:00059D3B  2317 0001:00059D3D  2318 0001:00059D60  2319 0001:00059D69
  2315 0001:00059D6A  2320 0001:00059D72  2321 0001:00059D8C  2339 0001:00059D94
  2340 0001:00059DB6  2341 0001:00059DBB  2342 0001:00059DC7  2343 0001:00059DD5
  2344 0001:00059DE9  2346 0001:00059E03  2348 0001:00059E39  2355 0001:00059E40
  2356 0001:00059E60  2357 0001:00059E62  2358 0001:00059E66  2359 0001:00059E84
  2360 0001:00059E91  2361 0001:00059EA5  2362 0001:00059ED0  2621 0001:00059F08
  2627 0001:00059F0F

Line numbers for base64_delphi(base64_delphi.pas) segment .text

    49 0001:00059F10    50 0001:00059F35    51 0001:00059F63    52 0001:00059F81
    54 0001:00059FA4    55 0001:00059FBD    56 0001:00059FC5    57 0001:00059FE6
    58 0001:00059FEB    59 0001:00059FF0    60 0001:00059FF5    62 0001:00059FFA
    63 0001:00059FFD    55 0001:00059FFE    64 0001:0005A001    65 0001:0005A019
    66 0001:0005A02E    67 0001:0005A03B    68 0001:0005A059    52 0001:0005A05A
    69 0001:0005A063    71 0001:0005A073    72 0001:0005A08F    74 0001:0005A095
    75 0001:0005A09D    76 0001:0005A0BE    77 0001:0005A0C3    78 0001:0005A0C8
    79 0001:0005A0CD    81 0001:0005A0D2    82 0001:0005A0D5    74 0001:0005A0D6
    83 0001:0005A0D9    84 0001:0005A0EF    86 0001:0005A10D    88 0001:0005A117
    89 0001:0005A11F    90 0001:0005A140    91 0001:0005A145    92 0001:0005A14A
    93 0001:0005A14F    95 0001:0005A154    96 0001:0005A157    88 0001:0005A158
    97 0001:0005A15B    98 0001:0005A173    99 0001:0005A186   103 0001:0005A1B9
   104 0001:0005A1C1   105 0001:0005A1E2   106 0001:0005A1E7   107 0001:0005A1EC
   108 0001:0005A1F1   110 0001:0005A1F6   111 0001:0005A1F9   103 0001:0005A1FA
   112 0001:0005A1FD   113 0001:0005A215   114 0001:0005A22A   115 0001:0005A237
   118 0001:0005A295   121 0001:0005A2F4   121 0001:0005A2FB

Line numbers for uchrome(uchrome.pas) segment .text

    36 0001:0005A2FC    37 0001:0005A306    38 0001:0005A313    39 0001:0005A321
    40 0001:0005A330    41 0001:0005A343    42 0001:0005A34F    44 0001:0005A363
    46 0001:0005A373    71 0001:0005A378    73 0001:0005A3A5    75 0001:0005A3A9
    77 0001:0005A3B3    78 0001:0005A3C0    79 0001:0005A3CD    81 0001:0005A3E9
    82 0001:0005A402    84 0001:0005A407    85 0001:0005A425    88 0001:0005A45E
    90 0001:0005A464    91 0001:0005A46F    92 0001:0005A48D    95 0001:0005A4B6
    96 0001:0005A4DD    98 0001:0005A50E   100 0001:0005A53E   102 0001:0005A548
   106 0001:0005A554   123 0001:0005A588   124 0001:0005A5BC   127 0001:0005A5C4
   130 0001:0005A5F9   131 0001:0005A611   132 0001:0005A626   135 0001:0005A638
   136 0001:0005A65A   137 0001:0005A6A4   138 0001:0005A6BD   143 0001:0005A6C4
   146 0001:0005A6D2   149 0001:0005A6EB   151 0001:0005A730   152 0001:0005A74B
   153 0001:0005A759   154 0001:0005A786   156 0001:0005A78A   160 0001:0005A79C
   161 0001:0005A7A4   213 0001:0005A7CB   216 0001:0005A7D3   218 0001:0005A7ED
   220 0001:0005A802   222 0001:0005A915   225 0001:0005A9F7   226 0001:0005AA21
   228 0001:0005AB26   240 0001:0005AB50   241 0001:0005AB68   242 0001:0005AB80
   243 0001:0005ABA5   244 0001:0005ABBD   246 0001:0005ABDF   247 0001:0005AC1C
   248 0001:0005AD3F   158 0001:0005AE44   256 0001:0005AE63   259 0001:0005AE78
   260 0001:0005AE80   261 0001:0005AFED   345 0001:0005B26C   346 0001:0005B273
   348 0001:0005B275   349 0001:0005B279   351 0001:0005B287   353 0001:0005B299
   354 0001:0005B2A5   356 0001:0005B2A9   357 0001:0005B2C2   359 0001:0005B2CC
   360 0001:0005B2DC   363 0001:0005B2EF   366 0001:0005B310   368 0001:0005B3A8
   369 0001:0005B3B1   371 0001:0005B3B6

Line numbers for chrome(C:\Users\erwan\Documents\-= SOURCES =-\delphi\system\NTHASH-FPC\chrome.dpr) segment .text

    10 0001:0005B530    12 0001:0005B548    13 0001:0005B551

Bound resource files

chrome.drf


Program entry point at 0001:0005B530
